ARM Linker, 4.1 [Build 713] [Evaluation]

==============================================================================

Section Cross References

    hw_config.o(i.Enter_LowPowerMode) refers to usb_pwr.o(.data) for bDeviceState
    hw_config.o(i.Get_SerialNum) refers to hw_config.o(i.IntToUnicode) for IntToUnicode
    hw_config.o(i.Get_SerialNum) refers to usb_desc.o(.data) for Virtual_Com_Port_StringSerial
    hw_config.o(i.Handle_USBAsynchXfer) refers to usb_mem.o(i.UserToPMABufferCopy) for UserToPMABufferCopy
    hw_config.o(i.Handle_USBAsynchXfer) refers to usb_regs.o(i.SetEPTxCount) for SetEPTxCount
    hw_config.o(i.Handle_USBAsynchXfer) refers to usb_regs.o(i.SetEPTxValid) for SetEPTxValid
    hw_config.o(i.Handle_USBAsynchXfer) refers to hw_config.o(.data) for .data
    hw_config.o(i.Handle_USBAsynchXfer) refers to hw_config.o(.bss) for .bss
    hw_config.o(i.Leave_LowPowerMode) refers to usb_init.o(.bss) for Device_Info
    hw_config.o(i.Leave_LowPowerMode) refers to usb_pwr.o(.data) for bDeviceState
    hw_config.o(i.Set_System) refers to stm32f10x_rcc.o(i.RCC_DeInit) for RCC_DeInit
    hw_config.o(i.Set_System) refers to stm32f10x_rcc.o(i.RCC_HSEConfig) for RCC_HSEConfig
    hw_config.o(i.Set_System) refers to stm32f10x_rcc.o(i.RCC_WaitForHSEStartUp) for RCC_WaitForHSEStartUp
    hw_config.o(i.Set_System) refers to stm32f10x_flash.o(i.FLASH_PrefetchBufferCmd) for FLASH_PrefetchBufferCmd
    hw_config.o(i.Set_System) refers to stm32f10x_flash.o(i.FLASH_SetLatency) for FLASH_SetLatency
    hw_config.o(i.Set_System) refers to stm32f10x_rcc.o(i.RCC_HCLKConfig) for RCC_HCLKConfig
    hw_config.o(i.Set_System) refers to stm32f10x_rcc.o(i.RCC_PCLK2Config) for RCC_PCLK2Config
    hw_config.o(i.Set_System) refers to stm32f10x_rcc.o(i.RCC_PCLK1Config) for RCC_PCLK1Config
    hw_config.o(i.Set_System) refers to stm32f10x_rcc.o(i.RCC_PLLConfig) for RCC_PLLConfig
    hw_config.o(i.Set_System) refers to stm32f10x_rcc.o(i.RCC_PLLCmd) for RCC_PLLCmd
    hw_config.o(i.Set_System) refers to stm32f10x_rcc.o(i.RCC_GetFlagStatus) for RCC_GetFlagStatus
    hw_config.o(i.Set_System) refers to stm32f10x_rcc.o(i.RCC_SYSCLKConfig) for RCC_SYSCLKConfig
    hw_config.o(i.Set_System) refers to stm32f10x_rcc.o(i.RCC_GetSYSCLKSource) for RCC_GetSYSCLKSource
    hw_config.o(i.Set_System) refers to stm32f10x_rcc.o(i.RCC_APB2PeriphClockCmd) for RCC_APB2PeriphClockCmd
    hw_config.o(i.Set_System) refers to stm32f10x_gpio.o(i.GPIO_Init) for GPIO_Init
    hw_config.o(i.Set_System) refers to hw_config.o(.data) for .data
    hw_config.o(i.Set_USBClock) refers to stm32f10x_rcc.o(i.RCC_USBCLKConfig) for RCC_USBCLKConfig
    hw_config.o(i.Set_USBClock) refers to stm32f10x_rcc.o(i.RCC_APB1PeriphClockCmd) for RCC_APB1PeriphClockCmd
    hw_config.o(i.USART_Config) refers to hw_config.o(i.USART_Config_Default) for USART_Config_Default
    hw_config.o(i.USART_Config) refers to stm32_eval.o(i.STM_EVAL_COMInit) for STM_EVAL_COMInit
    hw_config.o(i.USART_Config) refers to usb_prop.o(.data) for linecoding
    hw_config.o(i.USART_Config) refers to hw_config.o(.bss) for .bss
    hw_config.o(i.USART_Config_Default) refers to stm32_eval.o(i.STM_EVAL_COMInit) for STM_EVAL_COMInit
    hw_config.o(i.USART_Config_Default) refers to stm32f10x_usart.o(i.USART_ITConfig) for USART_ITConfig
    hw_config.o(i.USART_Config_Default) refers to hw_config.o(.bss) for .bss
    hw_config.o(i.USART_To_USB_Send_Data) refers to stm32f10x_usart.o(i.USART_ReceiveData) for USART_ReceiveData
    hw_config.o(i.USART_To_USB_Send_Data) refers to usb_prop.o(.data) for linecoding
    hw_config.o(i.USART_To_USB_Send_Data) refers to hw_config.o(.bss) for .bss
    hw_config.o(i.USART_To_USB_Send_Data) refers to hw_config.o(.data) for .data
    hw_config.o(i.USB_Cable_Config) refers to stm32f10x_gpio.o(i.GPIO_ResetBits) for GPIO_ResetBits
    hw_config.o(i.USB_Cable_Config) refers to stm32f10x_gpio.o(i.GPIO_SetBits) for GPIO_SetBits
    hw_config.o(i.USB_Interrupts_Config) refers to misc.o(i.NVIC_PriorityGroupConfig) for NVIC_PriorityGroupConfig
    hw_config.o(i.USB_Interrupts_Config) refers to misc.o(i.NVIC_Init) for NVIC_Init
    hw_config.o(i.USB_To_USART_Send_Data) refers to stm32f10x_usart.o(i.USART_SendData) for USART_SendData
    hw_config.o(i.USB_To_USART_Send_Data) refers to stm32f10x_usart.o(i.USART_GetFlagStatus) for USART_GetFlagStatus
    main.o(i.main) refers to hw_config.o(i.Set_System) for Set_System
    main.o(i.main) refers to hw_config.o(i.Set_USBClock) for Set_USBClock
    main.o(i.main) refers to hw_config.o(i.USB_Interrupts_Config) for USB_Interrupts_Config
    main.o(i.main) refers to usb_init.o(i.USB_Init) for USB_Init
    stm32f10x_it.o(i.USART1_IRQHandler) refers to stm32f10x_usart.o(i.USART_GetITStatus) for USART_GetITStatus
    stm32f10x_it.o(i.USART1_IRQHandler) refers to hw_config.o(i.USART_To_USB_Send_Data) for USART_To_USB_Send_Data
[...]
    stm32f10x_flash.o(i.FLASH_ProgramHalfWord) refers to stm32f10x_flash.o(i.FLASH_WaitForLastOperation) for FLASH_WaitForLastOperation
    stm32f10x_flash.o(i.FLASH_ProgramOptionByteData) refers to stm32f10x_flash.o(i.FLASH_WaitForLastOperation) for FLASH_WaitForLastOperation
    stm32f10x_flash.o(i.FLASH_ProgramWord) refers to stm32f10x_flash.o(i.FLASH_WaitForLastOperation) for FLASH_WaitForLastOperation
    stm32f10x_flash.o(i.FLASH_ReadOutProtection) refers to stm32f10x_flash.o(i.FLASH_WaitForLastOperation) for FLASH_WaitForLastOperation
    stm32f10x_flash.o(i.FLASH_UserOptionByteConfig) refers to stm32f10x_flash.o(i.FLASH_WaitForLastOperation) for FLASH_WaitForLastOperation
    stm32f10x_flash.o(i.FLASH_WaitForLastBank1Operation) refers to stm32f10x_flash.o(i.FLASH_GetBank1Status) for FLASH_GetBank1Status
    stm32f10x_flash.o(i.FLASH_WaitForLastOperation) refers to stm32f10x_flash.o(i.FLASH_GetBank1Status) for FLASH_GetBank1Status
    stm32f10x_spi.o(i.I2S_Init) refers to stm32f10x_rcc.o(i.RCC_GetClocksFreq) for RCC_GetClocksFreq
    stm32f10x_spi.o(i.SPI_I2S_DeInit) refers to stm32f10x_rcc.o(i.RCC_APB2PeriphResetCmd) for RCC_APB2PeriphResetCmd
    stm32f10x_spi.o(i.SPI_I2S_DeInit) refers to stm32f10x_rcc.o(i.RCC_APB1PeriphResetCmd) for RCC_APB1PeriphResetCmd
    stm32f10x_i2c.o(i.I2C_DeInit) refers to stm32f10x_rcc.o(i.RCC_APB1PeriphResetCmd) for RCC_APB1PeriphResetCmd
    stm32f10x_i2c.o(i.I2C_Init) refers to stm32f10x_rcc.o(i.RCC_GetClocksFreq) for RCC_GetClocksFreq
    startup_stm32f10x_hd.o(RESET) refers to startup_stm32f10x_hd.o(STACK) for __initial_sp
    startup_stm32f10x_hd.o(RESET) refers to startup_stm32f10x_hd.o(.text) for Reset_Handler
    startup_stm32f10x_hd.o(RESET) refers to stm32f10x_it.o(i.NMI_Handler) for NMI_Handler
    startup_stm32f10x_hd.o(RESET) refers to stm32f10x_it.o(i.HardFault_Handler) for HardFault_Handler
    startup_stm32f10x_hd.o(RESET) refers to stm32f10x_it.o(i.MemManage_Handler) for MemManage_Handler
    startup_stm32f10x_hd.o(RESET) refers to stm32f10x_it.o(i.BusFault_Handler) for BusFault_Handler
    startup_stm32f10x_hd.o(RESET) refers to stm32f10x_it.o(i.UsageFault_Handler) for UsageFault_Handler
    startup_stm32f10x_hd.o(RESET) refers to stm32f10x_it.o(i.SVC_Handler) for SVC_Handler
    startup_stm32f10x_hd.o(RESET) refers to stm32f10x_it.o(i.DebugMon_Handler) for DebugMon_Handler
    startup_stm32f10x_hd.o(RESET) refers to stm32f10x_it.o(i.PendSV_Handler) for PendSV_Handler
    startup_stm32f10x_hd.o(RESET) refers to stm32f10x_it.o(i.SysTick_Handler) for SysTick_Handler
    startup_stm32f10x_hd.o(RESET) refers to stm32f10x_it.o(i.USB_LP_CAN1_RX0_IRQHandler) for USB_LP_CAN1_RX0_IRQHandler
    startup_stm32f10x_hd.o(RESET) refers to stm32f10x_it.o(i.USART1_IRQHandler) for USART1_IRQHandler
    startup_stm32f10x_hd.o(.text) refers to system_stm32f10x.o(i.SystemInit) for SystemInit
    startup_stm32f10x_hd.o(.text) refers to entry.o(.ARM.Collect$$$$00000000) for __main
    system_stm32f10x.o(i.SystemCoreClockUpdate) refers to system_stm32f10x.o(.data) for .data
    system_stm32f10x.o(i.SystemInit) refers to system_stm32f10x.o(i.SetSysClockTo72) for SetSysClockTo72
    stm32_eval.o(i.LM75_LowLevel_DeInit) refers to stm32f10x_i2c.o(i.I2C_Cmd) for I2C_Cmd
    stm32_eval.o(i.LM75_LowLevel_DeInit) refers to stm32f10x_i2c.o(i.I2C_DeInit) for I2C_DeInit
    stm32_eval.o(i.LM75_LowLevel_DeInit) refers to stm32f10x_rcc.o(i.RCC_APB1PeriphClockCmd) for RCC_APB1PeriphClockCmd
    stm32_eval.o(i.LM75_LowLevel_DeInit) refers to stm32f10x_gpio.o(i.GPIO_Init) for GPIO_Init
    stm32_eval.o(i.LM75_LowLevel_Init) refers to stm32f10x_rcc.o(i.RCC_APB1PeriphClockCmd) for RCC_APB1PeriphClockCmd
    stm32_eval.o(i.LM75_LowLevel_Init) refers to stm32f10x_rcc.o(i.RCC_APB2PeriphClockCmd) for RCC_APB2PeriphClockCmd
    stm32_eval.o(i.LM75_LowLevel_Init) refers to stm32f10x_gpio.o(i.GPIO_Init) for GPIO_Init
    stm32_eval.o(i.SD_LowLevel_DMA_RxConfig) refers to stm32f10x_dma.o(i.DMA_ClearFlag) for DMA_ClearFlag
    stm32_eval.o(i.SD_LowLevel_DMA_RxConfig) refers to stm32f10x_dma.o(i.DMA_Cmd) for DMA_Cmd
    stm32_eval.o(i.SD_LowLevel_DMA_RxConfig) refers to stm32f10x_dma.o(i.DMA_Init) for DMA_Init
    stm32_eval.o(i.SD_LowLevel_DMA_TxConfig) refers to stm32f10x_dma.o(i.DMA_ClearFlag) for DMA_ClearFlag
    stm32_eval.o(i.SD_LowLevel_DMA_TxConfig) refers to stm32f10x_dma.o(i.DMA_Cmd) for DMA_Cmd
    stm32_eval.o(i.SD_LowLevel_DMA_TxConfig) refers to stm32f10x_dma.o(i.DMA_Init) for DMA_Init
    stm32_eval.o(i.SD_LowLevel_DeInit) refers to stm32f10x_sdio.o(i.SDIO_ClockCmd) for SDIO_ClockCmd
    stm32_eval.o(i.SD_LowLevel_DeInit) refers to stm32f10x_sdio.o(i.SDIO_SetPowerState) for SDIO_SetPowerState
    stm32_eval.o(i.SD_LowLevel_DeInit) refers to stm32f10x_sdio.o(i.SDIO_DeInit) for SDIO_DeInit
    stm32_eval.o(i.SD_LowLevel_DeInit) refers to stm32f10x_rcc.o(i.RCC_AHBPeriphClockCmd) for RCC_AHBPeriphClockCmd
    stm32_eval.o(i.SD_LowLevel_DeInit) refers to stm32f10x_gpio.o(i.GPIO_Init) for GPIO_Init
    stm32_eval.o(i.SD_LowLevel_Init) refers to stm32f10x_rcc.o(i.RCC_APB2PeriphClockCmd) for RCC_APB2PeriphClockCmd
    stm32_eval.o(i.SD_LowLevel_Init) refers to stm32f10x_gpio.o(i.GPIO_Init) for GPIO_Init
    stm32_eval.o(i.SD_LowLevel_Init) refers to stm32f10x_rcc.o(i.RCC_AHBPeriphClockCmd) for RCC_AHBPeriphClockCmd
    stm32_eval.o(i.SD_WaitForDMAEndOfTransfer) refers to stm32f10x_dma.o(i.DMA_GetFlagStatus) for DMA_GetFlagStatus
    stm32_eval.o(i.STM_EVAL_COMInit) refers to stm32f10x_rcc.o(i.RCC_APB2PeriphClockCmd) for RCC_APB2PeriphClockCmd
    stm32_eval.o(i.STM_EVAL_COMInit) refers to stm32f10x_rcc.o(i.RCC_APB1PeriphClockCmd) for RCC_APB1PeriphClockCmd
    stm32_eval.o(i.STM_EVAL_COMInit) refers to stm32f10x_gpio.o(i.GPIO_Init) for GPIO_Init
    stm32_eval.o(i.STM_EVAL_COMInit) refers to stm32f10x_usart.o(i.USART_Init) for USART_Init
    stm32_eval.o(i.STM_EVAL_COMInit) refers to stm32f10x_usart.o(i.USART_Cmd) for USART_Cmd
    stm32_eval.o(i.STM_EVAL_COMInit) refers to stm32_eval.o(.constdata) for .constdata
    stm32_eval.o(i.STM_EVAL_COMInit) refers to stm32_eval.o(.data) for .data
    stm32_eval.o(i.STM_EVAL_LEDInit) refers to stm32f10x_rcc.o(i.RCC_APB2PeriphClockCmd) for RCC_APB2PeriphClockCmd
    stm32_eval.o(i.STM_EVAL_LEDInit) refers to stm32f10x_gpio.o(i.GPIO_Init) for GPIO_Init
    stm32_eval.o(i.STM_EVAL_LEDInit) refers to stm32_eval.o(.constdata) for .constdata
    stm32_eval.o(i.STM_EVAL_LEDInit) refers to stm32_eval.o(.data) for .data
    stm32_eval.o(i.STM_EVAL_LEDOff) refers to stm32_eval.o(.constdata) for .constdata
    stm32_eval.o(i.STM_EVAL_LEDOff) refers to stm32_eval.o(.data) for .data
    stm32_eval.o(i.STM_EVAL_LEDOn) refers to stm32_eval.o(.constdata) for .constdata
    stm32_eval.o(i.STM_EVAL_LEDOn) refers to stm32_eval.o(.data) for .data
    stm32_eval.o(i.STM_EVAL_LEDToggle) refers to stm32_eval.o(.data) for .data
    stm32_eval.o(i.STM_EVAL_LEDToggle) refers to stm32_eval.o(.constdata) for .constdata
    stm32_eval.o(i.STM_EVAL_PBGetState) refers to stm32f10x_gpio.o(i.GPIO_ReadInputDataBit) for GPIO_ReadInputDataBit
    stm32_eval.o(i.STM_EVAL_PBGetState) refers to stm32_eval.o(.constdata) for .constdata
    stm32_eval.o(i.STM_EVAL_PBGetState) refers to stm32_eval.o(.data) for .data
    stm32_eval.o(i.STM_EVAL_PBInit) refers to stm32f10x_rcc.o(i.RCC_APB2PeriphClockCmd) for RCC_APB2PeriphClockCmd
    stm32_eval.o(i.STM_EVAL_PBInit) refers to stm32f10x_gpio.o(i.GPIO_Init) for GPIO_Init
    stm32_eval.o(i.STM_EVAL_PBInit) refers to stm32f10x_gpio.o(i.GPIO_EXTILineConfig) for GPIO_EXTILineConfig
    stm32_eval.o(i.STM_EVAL_PBInit) refers to stm32f10x_exti.o(i.EXTI_Init) for EXTI_Init
    stm32_eval.o(i.STM_EVAL_PBInit) refers to misc.o(i.NVIC_Init) for NVIC_Init
    stm32_eval.o(i.STM_EVAL_PBInit) refers to stm32_eval.o(.constdata) for .constdata
    stm32_eval.o(i.STM_EVAL_PBInit) refers to stm32_eval.o(.data) for .data
    stm32_eval.o(i.sFLASH_LowLevel_DeInit) refers to stm32f10x_spi.o(i.SPI_Cmd) for SPI_Cmd
    stm32_eval.o(i.sFLASH_LowLevel_DeInit) refers to stm32f10x_spi.o(i.SPI_I2S_DeInit) for SPI_I2S_DeInit
    stm32_eval.o(i.sFLASH_LowLevel_DeInit) refers to stm32f10x_rcc.o(i.RCC_APB2PeriphClockCmd) for RCC_APB2PeriphClockCmd
    stm32_eval.o(i.sFLASH_LowLevel_DeInit) refers to stm32f10x_gpio.o(i.GPIO_Init) for GPIO_Init
    stm32_eval.o(i.sFLASH_LowLevel_Init) refers to stm32f10x_rcc.o(i.RCC_APB2PeriphClockCmd) for RCC_APB2PeriphClockCmd
    stm32_eval.o(i.sFLASH_LowLevel_Init) refers to stm32f10x_gpio.o(i.GPIO_Init) for GPIO_Init
    entry.o(.ARM.Collect$$$$00000000) refers (Special) to entry7.o(.ARM.Collect$$$$00000007) for _main_init
    entry.o(.ARM.Collect$$$$00000000) refers (Special) to entry5.o(.ARM.Collect$$$$00000004) for _main_scatterload
    entry.o(.ARM.Collect$$$$00000000) refers (Special) to entry2.o(.ARM.Collect$$$$00000001) for _main_stk
    entry2.o(.ARM.Collect$$$$00000001) refers to entry2.o(.ARM.Collect$$$$00002712) for __lit__00000000
    entry2.o(.ARM.Collect$$$$00002712) refers to startup_stm32f10x_hd.o(STACK) for __initial_sp
    entry2.o(__vectab_stack_and_reset_area) refers to startup_stm32f10x_hd.o(STACK) for __initial_sp
    entry2.o(__vectab_stack_and_reset_area) refers to entry.o(.ARM.Collect$$$$00000000) for __main
    entry5.o(.ARM.Collect$$$$00000004) refers to init.o(.text) for __scatterload
    entry7.o(.ARM.Collect$$$$00000007) refers to main.o(i.main) for main
    init.o(.text) refers to entry5.o(.ARM.Collect$$$$00000004) for __main_after_scatterload


==============================================================================

Removing Unused input sections from the image.

    Removing hw_config.o(i.Enter_LowPowerMode), (12 bytes).
    Removing hw_config.o(i.Leave_LowPowerMode), (28 bytes).
    Removing usb_pwr.o(i.PowerOff), (32 bytes).
    Removing usb_pwr.o(i.Resume), (124 bytes).
    Removing usb_pwr.o(i.Resume_Init), (32 bytes).
    Removing usb_pwr.o(i.Suspend), (32 bytes).
    Removing usb_pwr.o(.data), (1 bytes).
    Removing usb_pwr.o(.data), (2 bytes).
    Removing usb_init.o(.data), (2 bytes).
    Removing usb_int.o(i.CTR_HP), (120 bytes).
    Removing usb_regs.o(i.ClearEPDoubleBuff), (32 bytes).
    Removing usb_regs.o(i.ClearEP_CTR_RX), (24 bytes).
    Removing usb_regs.o(i.ClearEP_CTR_TX), (24 bytes).
    Removing usb_regs.o(i.ClearEP_KIND), (32 bytes).
    Removing usb_regs.o(i.FreeUserBuffer), (52 bytes).
    Removing usb_regs.o(i.GetBTABLE), (12 bytes).
    Removing usb_regs.o(i.GetCNTR), (12 bytes).
    Removing usb_regs.o(i.GetDADDR), (12 bytes).
    Removing usb_regs.o(i.GetENDPOINT), (16 bytes).
    Removing usb_regs.o(i.GetEPAddress), (16 bytes).
    Removing usb_regs.o(i.GetEPDblBuf0Addr), (28 bytes).
    Removing usb_regs.o(i.GetEPDblBuf0Count), (32 bytes).
    Removing usb_regs.o(i.GetEPDblBuf1Addr), (32 bytes).
    Removing usb_regs.o(i.GetEPDblBuf1Count), (32 bytes).
    Removing usb_regs.o(i.GetEPDblBufDir), (60 bytes).
    Removing usb_regs.o(i.GetEPRxStatus), (20 bytes).
    Removing usb_regs.o(i.GetEPTxCount), (32 bytes).
    Removing usb_regs.o(i.GetEPTxStatus), (20 bytes).
    Removing usb_regs.o(i.GetEPType), (20 bytes).
    Removing usb_regs.o(i.GetFNR), (12 bytes).
    Removing usb_regs.o(i.GetISTR), (12 bytes).
    Removing usb_regs.o(i.GetRxStallStatus), (24 bytes).
    Removing usb_regs.o(i.GetTxStallStatus), (24 bytes).
    Removing usb_regs.o(i.SetCNTR), (12 bytes).
    Removing usb_regs.o(i.SetDADDR), (12 bytes).
    Removing usb_regs.o(i.SetDouBleBuffEPStall), (44 bytes).
    Removing usb_regs.o(i.SetENDPOINT), (12 bytes).
    Removing usb_regs.o(i.SetEPAddress), (32 bytes).
    Removing usb_regs.o(i.SetEPCountRxReg), (40 bytes).
    Removing usb_regs.o(i.SetEPDblBuf0Addr), (32 bytes).
    Removing usb_regs.o(i.SetEPDblBuf0Count), (92 bytes).
    Removing usb_regs.o(i.SetEPDblBuf1Addr), (32 bytes).
    Removing usb_regs.o(i.SetEPDblBuf1Count), (92 bytes).
    Removing usb_regs.o(i.SetEPDblBuffAddr), (52 bytes).
    Removing usb_regs.o(i.SetEPDblBuffCount), (172 bytes).
    Removing usb_regs.o(i.SetEPDoubleBuff), (32 bytes).
    Removing usb_regs.o(i.SetEP_KIND), (32 bytes).
    Removing usb_regs.o(i.SetISTR), (12 bytes).
    Removing usb_regs.o(i.Set_Status_Out), (32 bytes).
    Removing usb_regs.o(i.ToWord), (6 bytes).
    Removing usb_regs.o(i.ToggleDTOG_RX), (32 bytes).
    Removing usb_regs.o(i.ToggleDTOG_TX), (32 bytes).
    Removing usb_sil.o(i.USB_SIL_Write), (40 bytes).
    Removing stm32f10x_usart.o(i.USART_ClearFlag), (6 bytes).
    Removing stm32f10x_usart.o(i.USART_ClearITPendingBit), (12 bytes).
    Removing stm32f10x_usart.o(i.USART_ClockInit), (30 bytes).
    Removing stm32f10x_usart.o(i.USART_ClockStructInit), (12 bytes).
    Removing stm32f10x_usart.o(i.USART_DMACmd), (16 bytes).
    Removing stm32f10x_usart.o(i.USART_DeInit), (116 bytes).
    Removing stm32f10x_usart.o(i.USART_HalfDuplexCmd), (20 bytes).
    Removing stm32f10x_usart.o(i.USART_IrDACmd), (20 bytes).
    Removing stm32f10x_usart.o(i.USART_IrDAConfig), (16 bytes).
    Removing stm32f10x_usart.o(i.USART_LINBreakDetectLengthConfig), (16 bytes).
    Removing stm32f10x_usart.o(i.USART_LINCmd), (20 bytes).
    Removing stm32f10x_usart.o(i.USART_OneBitMethodCmd), (20 bytes).
    Removing stm32f10x_usart.o(i.USART_OverSampling8Cmd), (20 bytes).
    Removing stm32f10x_usart.o(i.USART_ReceiverWakeUpCmd), (20 bytes).
    Removing stm32f10x_usart.o(i.USART_SendBreak), (10 bytes).
    Removing stm32f10x_usart.o(i.USART_SetAddress), (16 bytes).
    Removing stm32f10x_usart.o(i.USART_SetGuardTime), (16 bytes).
    Removing stm32f10x_usart.o(i.USART_SetPrescaler), (16 bytes).
    Removing stm32f10x_usart.o(i.USART_SmartCardCmd), (20 bytes).
    Removing stm32f10x_usart.o(i.USART_SmartCardNACKCmd), (20 bytes).
    Removing stm32f10x_usart.o(i.USART_StructInit), (22 bytes).
    Removing stm32f10x_usart.o(i.USART_WakeUpConfig), (16 bytes).
    Removing misc.o(i.NVIC_SetVectorTable), (20 bytes).
    Removing misc.o(i.NVIC_SystemLPConfig), (24 bytes).
    Removing misc.o(i.SysTick_CLKSourceConfig), (24 bytes).
    Removing stm32f10x_gpio.o(i.GPIO_AFIODeInit), (22 bytes).
    Removing stm32f10x_gpio.o(i.GPIO_DeInit), (180 bytes).
    Removing stm32f10x_gpio.o(i.GPIO_ETH_MediaInterfaceConfig), (12 bytes).
    Removing stm32f10x_gpio.o(i.GPIO_EXTILineConfig), (40 bytes).
    Removing stm32f10x_gpio.o(i.GPIO_EventOutputCmd), (12 bytes).
    Removing stm32f10x_gpio.o(i.GPIO_EventOutputConfig), (28 bytes).
    Removing stm32f10x_gpio.o(i.GPIO_PinLockConfig), (16 bytes).
    Removing stm32f10x_gpio.o(i.GPIO_PinRemapConfig), (88 bytes).
    Removing stm32f10x_gpio.o(i.GPIO_ReadInputData), (6 bytes).
    Removing stm32f10x_gpio.o(i.GPIO_ReadInputDataBit), (14 bytes).
    Removing stm32f10x_gpio.o(i.GPIO_ReadOutputData), (6 bytes).
    Removing stm32f10x_gpio.o(i.GPIO_ReadOutputDataBit), (14 bytes).
    Removing stm32f10x_gpio.o(i.GPIO_StructInit), (16 bytes).
    Removing stm32f10x_gpio.o(i.GPIO_Write), (4 bytes).
    Removing stm32f10x_gpio.o(i.GPIO_WriteBit), (10 bytes).
    Removing stm32f10x_rcc.o(i.RCC_ADCCLKConfig), (20 bytes).
    Removing stm32f10x_rcc.o(i.RCC_AHBPeriphClockCmd), (24 bytes).
    Removing stm32f10x_rcc.o(i.RCC_APB1PeriphResetCmd), (24 bytes).
    Removing stm32f10x_rcc.o(i.RCC_APB2PeriphResetCmd), (24 bytes).
    Removing stm32f10x_rcc.o(i.RCC_AdjustHSICalibrationValue), (20 bytes).
    Removing stm32f10x_rcc.o(i.RCC_BackupResetCmd), (12 bytes).
    Removing stm32f10x_rcc.o(i.RCC_ClearFlag), (16 bytes).
    Removing stm32f10x_rcc.o(i.RCC_ClearITPendingBit), (12 bytes).
    Removing stm32f10x_rcc.o(i.RCC_ClockSecuritySystemCmd), (12 bytes).
    Removing stm32f10x_rcc.o(i.RCC_GetITStatus), (20 bytes).
    Removing stm32f10x_rcc.o(i.RCC_HSICmd), (12 bytes).
    Removing stm32f10x_rcc.o(i.RCC_ITConfig), (24 bytes).
    Removing stm32f10x_rcc.o(i.RCC_LSEConfig), (32 bytes).
    Removing stm32f10x_rcc.o(i.RCC_LSICmd), (12 bytes).
    Removing stm32f10x_rcc.o(i.RCC_MCOConfig), (12 bytes).
    Removing stm32f10x_rcc.o(i.RCC_RTCCLKCmd), (12 bytes).
    Removing stm32f10x_rcc.o(i.RCC_RTCCLKConfig), (16 bytes).
    Removing stm32f10x_flash.o(i.FLASH_ClearFlag), (12 bytes).
    Removing stm32f10x_flash.o(i.FLASH_EnableWriteProtection), (172 bytes).
    Removing stm32f10x_flash.o(i.FLASH_EraseAllBank1Pages), (60 bytes).
    Removing stm32f10x_flash.o(i.FLASH_EraseAllPages), (60 bytes).
    Removing stm32f10x_flash.o(i.FLASH_EraseOptionBytes), (124 bytes).
    Removing stm32f10x_flash.o(i.FLASH_ErasePage), (64 bytes).
    Removing stm32f10x_flash.o(i.FLASH_GetBank1Status), (40 bytes).
    Removing stm32f10x_flash.o(i.FLASH_GetFlagStatus), (32 bytes).
    Removing stm32f10x_flash.o(i.FLASH_GetPrefetchBufferStatus), (20 bytes).
    Removing stm32f10x_flash.o(i.FLASH_GetReadOutProtectionStatus), (20 bytes).
    Removing stm32f10x_flash.o(i.FLASH_GetStatus), (40 bytes).
    Removing stm32f10x_flash.o(i.FLASH_GetUserOptionByte), (12 bytes).
    Removing stm32f10x_flash.o(i.FLASH_GetWriteProtectionOptionByte), (12 bytes).
    Removing stm32f10x_flash.o(i.FLASH_HalfCycleAccessCmd), (24 bytes).
    Removing stm32f10x_flash.o(i.FLASH_ITConfig), (24 bytes).
    Removing stm32f10x_flash.o(i.FLASH_Lock), (16 bytes).
    Removing stm32f10x_flash.o(i.FLASH_LockBank1), (16 bytes).
    Removing stm32f10x_flash.o(i.FLASH_ProgramHalfWord), (56 bytes).
    Removing stm32f10x_flash.o(i.FLASH_ProgramOptionByteData), (76 bytes).
    Removing stm32f10x_flash.o(i.FLASH_ProgramWord), (76 bytes).
    Removing stm32f10x_flash.o(i.FLASH_ReadOutProtection), (136 bytes).
    Removing stm32f10x_flash.o(i.FLASH_Unlock), (24 bytes).
    Removing stm32f10x_flash.o(i.FLASH_UnlockBank1), (24 bytes).
    Removing stm32f10x_flash.o(i.FLASH_UserOptionByteConfig), (96 bytes).
    Removing stm32f10x_flash.o(i.FLASH_WaitForLastBank1Operation), (36 bytes).
    Removing stm32f10x_flash.o(i.FLASH_WaitForLastOperation), (36 bytes).
    Removing stm32f10x_exti.o(i.EXTI_ClearFlag), (12 bytes).
    Removing stm32f10x_exti.o(i.EXTI_ClearITPendingBit), (12 bytes).
    Removing stm32f10x_exti.o(i.EXTI_DeInit), (36 bytes).
    Removing stm32f10x_exti.o(i.EXTI_GenerateSWInterrupt), (16 bytes).
    Removing stm32f10x_exti.o(i.EXTI_GetFlagStatus), (20 bytes).
    Removing stm32f10x_exti.o(i.EXTI_GetITStatus), (32 bytes).
    Removing stm32f10x_exti.o(i.EXTI_Init), (112 bytes).
    Removing stm32f10x_exti.o(i.EXTI_StructInit), (14 bytes).
    Removing stm32f10x_spi.o(i.I2S_Cmd), (20 bytes).
    Removing stm32f10x_spi.o(i.I2S_Init), (146 bytes).
    Removing stm32f10x_spi.o(i.I2S_StructInit), (18 bytes).
    Removing stm32f10x_spi.o(i.SPI_BiDirectionalLineConfig), (22 bytes).
    Removing stm32f10x_spi.o(i.SPI_CalculateCRC), (20 bytes).
    Removing stm32f10x_spi.o(i.SPI_Cmd), (20 bytes).
    Removing stm32f10x_spi.o(i.SPI_DataSizeConfig), (16 bytes).
    Removing stm32f10x_spi.o(i.SPI_GetCRC), (12 bytes).
    Removing stm32f10x_spi.o(i.SPI_GetCRCPolynomial), (4 bytes).
    Removing stm32f10x_spi.o(i.SPI_I2S_ClearFlag), (6 bytes).
    Removing stm32f10x_spi.o(i.SPI_I2S_ClearITPendingBit), (14 bytes).
    Removing stm32f10x_spi.o(i.SPI_I2S_DMACmd), (16 bytes).
    Removing stm32f10x_spi.o(i.SPI_I2S_DeInit), (84 bytes).
    Removing stm32f10x_spi.o(i.SPI_I2S_GetFlagStatus), (14 bytes).
    Removing stm32f10x_spi.o(i.SPI_I2S_GetITStatus), (40 bytes).
    Removing stm32f10x_spi.o(i.SPI_I2S_ITConfig), (24 bytes).
    Removing stm32f10x_spi.o(i.SPI_I2S_ReceiveData), (4 bytes).
    Removing stm32f10x_spi.o(i.SPI_I2S_SendData), (4 bytes).
    Removing stm32f10x_spi.o(i.SPI_Init), (56 bytes).
    Removing stm32f10x_spi.o(i.SPI_NSSInternalSoftwareConfig), (24 bytes).
    Removing stm32f10x_spi.o(i.SPI_SSOutputCmd), (20 bytes).
    Removing stm32f10x_spi.o(i.SPI_StructInit), (24 bytes).
    Removing stm32f10x_spi.o(i.SPI_TransmitCRC), (10 bytes).
    Removing stm32f10x_dma.o(i.DMA_ClearFlag), (24 bytes).
    Removing stm32f10x_dma.o(i.DMA_ClearITPendingBit), (24 bytes).
    Removing stm32f10x_dma.o(i.DMA_Cmd), (20 bytes).
    Removing stm32f10x_dma.o(i.DMA_DeInit), (224 bytes).
    Removing stm32f10x_dma.o(i.DMA_GetCurrDataCounter), (6 bytes).
    Removing stm32f10x_dma.o(i.DMA_GetFlagStatus), (32 bytes).
    Removing stm32f10x_dma.o(i.DMA_GetITStatus), (32 bytes).
    Removing stm32f10x_dma.o(i.DMA_ITConfig), (16 bytes).
    Removing stm32f10x_dma.o(i.DMA_Init), (58 bytes).
    Removing stm32f10x_dma.o(i.DMA_StructInit), (26 bytes).
    Removing stm32f10x_i2c.o(i.I2C_ARPCmd), (20 bytes).
    Removing stm32f10x_i2c.o(i.I2C_AcknowledgeConfig), (20 bytes).
    Removing stm32f10x_i2c.o(i.I2C_CalculatePEC), (20 bytes).
    Removing stm32f10x_i2c.o(i.I2C_CheckEvent), (24 bytes).
    Removing stm32f10x_i2c.o(i.I2C_ClearFlag), (6 bytes).
    Removing stm32f10x_i2c.o(i.I2C_ClearITPendingBit), (6 bytes).
    Removing stm32f10x_i2c.o(i.I2C_Cmd), (20 bytes).
    Removing stm32f10x_i2c.o(i.I2C_DMACmd), (20 bytes).
    Removing stm32f10x_i2c.o(i.I2C_DMALastTransferCmd), (20 bytes).
    Removing stm32f10x_i2c.o(i.I2C_DeInit), (44 bytes).
    Removing stm32f10x_i2c.o(i.I2C_DualAddressCmd), (20 bytes).
    Removing stm32f10x_i2c.o(i.I2C_FastModeDutyCycleConfig), (22 bytes).
    Removing stm32f10x_i2c.o(i.I2C_GeneralCallCmd), (20 bytes).
    Removing stm32f10x_i2c.o(i.I2C_GenerateSTART), (20 bytes).
    Removing stm32f10x_i2c.o(i.I2C_GenerateSTOP), (20 bytes).
    Removing stm32f10x_i2c.o(i.I2C_GetFlagStatus), (30 bytes).
    Removing stm32f10x_i2c.o(i.I2C_GetITStatus), (32 bytes).
    Removing stm32f10x_i2c.o(i.I2C_GetLastEvent), (14 bytes).
    Removing stm32f10x_i2c.o(i.I2C_GetPEC), (6 bytes).
    Removing stm32f10x_i2c.o(i.I2C_ITConfig), (16 bytes).
    Removing stm32f10x_i2c.o(i.I2C_Init), (184 bytes).
    Removing stm32f10x_i2c.o(i.I2C_OwnAddress2Config), (16 bytes).
    Removing stm32f10x_i2c.o(i.I2C_PECPositionConfig), (22 bytes).
    Removing stm32f10x_i2c.o(i.I2C_ReadRegister), (4 bytes).
    Removing stm32f10x_i2c.o(i.I2C_ReceiveData), (6 bytes).
    Removing stm32f10x_i2c.o(i.I2C_SMBusAlertConfig), (22 bytes).
    Removing stm32f10x_i2c.o(i.I2C_Send7bitAddress), (16 bytes).
    Removing stm32f10x_i2c.o(i.I2C_SendData), (4 bytes).
    Removing stm32f10x_i2c.o(i.I2C_SoftwareResetCmd), (20 bytes).
    Removing stm32f10x_i2c.o(i.I2C_StretchClockCmd), (20 bytes).
    Removing stm32f10x_i2c.o(i.I2C_StructInit), (28 bytes).
    Removing stm32f10x_i2c.o(i.I2C_TransmitPEC), (20 bytes).
    Removing stm32f10x_sdio.o(i.SDIO_CEATAITCmd), (16 bytes).
    Removing stm32f10x_sdio.o(i.SDIO_ClearFlag), (12 bytes).
    Removing stm32f10x_sdio.o(i.SDIO_ClearITPendingBit), (12 bytes).
    Removing stm32f10x_sdio.o(i.SDIO_ClockCmd), (12 bytes).
    Removing stm32f10x_sdio.o(i.SDIO_CmdStructInit), (14 bytes).
    Removing stm32f10x_sdio.o(i.SDIO_CommandCompletionCmd), (12 bytes).
    Removing stm32f10x_sdio.o(i.SDIO_DMACmd), (12 bytes).
    Removing stm32f10x_sdio.o(i.SDIO_DataConfig), (44 bytes).
    Removing stm32f10x_sdio.o(i.SDIO_DataStructInit), (20 bytes).
    Removing stm32f10x_sdio.o(i.SDIO_DeInit), (36 bytes).
    Removing stm32f10x_sdio.o(i.SDIO_GetCommandResponse), (12 bytes).
    Removing stm32f10x_sdio.o(i.SDIO_GetDataCounter), (12 bytes).
    Removing stm32f10x_sdio.o(i.SDIO_GetFIFOCount), (12 bytes).
    Removing stm32f10x_sdio.o(i.SDIO_GetFlagStatus), (20 bytes).
    Removing stm32f10x_sdio.o(i.SDIO_GetITStatus), (20 bytes).
    Removing stm32f10x_sdio.o(i.SDIO_GetPowerState), (16 bytes).
    Removing stm32f10x_sdio.o(i.SDIO_GetResponse), (12 bytes).
    Removing stm32f10x_sdio.o(i.SDIO_ITConfig), (24 bytes).
    Removing stm32f10x_sdio.o(i.SDIO_Init), (44 bytes).
    Removing stm32f10x_sdio.o(i.SDIO_ReadData), (12 bytes).
    Removing stm32f10x_sdio.o(i.SDIO_SendCEATACmd), (12 bytes).
    Removing stm32f10x_sdio.o(i.SDIO_SendCommand), (40 bytes).
    Removing stm32f10x_sdio.o(i.SDIO_SendSDIOSuspendCmd), (12 bytes).
    Removing stm32f10x_sdio.o(i.SDIO_SetPowerState), (24 bytes).
    Removing stm32f10x_sdio.o(i.SDIO_SetSDIOOperation), (12 bytes).
    Removing stm32f10x_sdio.o(i.SDIO_SetSDIOReadWaitMode), (12 bytes).
    Removing stm32f10x_sdio.o(i.SDIO_StartSDIOReadWait), (12 bytes).
    Removing stm32f10x_sdio.o(i.SDIO_StopSDIOReadWait), (12 bytes).
    Removing stm32f10x_sdio.o(i.SDIO_StructInit), (16 bytes).
    Removing stm32f10x_sdio.o(i.SDIO_WriteData), (12 bytes).
    Removing startup_stm32f10x_hd.o(HEAP), (512 bytes).
    Removing core_cm3.o(.emb_text), (32 bytes).
    Removing system_stm32f10x.o(i.SystemCoreClockUpdate), (104 bytes).
    Removing system_stm32f10x.o(.data), (20 bytes).
    Removing stm32_eval.o(i.LM75_LowLevel_DeInit), (88 bytes).
    Removing stm32_eval.o(i.LM75_LowLevel_Init), (88 bytes).
    Removing stm32_eval.o(i.SD_LowLevel_DMA_RxConfig), (92 bytes).
    Removing stm32_eval.o(i.SD_LowLevel_DMA_TxConfig), (96 bytes).
    Removing stm32_eval.o(i.SD_LowLevel_DeInit), (72 bytes).
    Removing stm32_eval.o(i.SD_LowLevel_Init), (104 bytes).
    Removing stm32_eval.o(i.SD_WaitForDMAEndOfTransfer), (20 bytes).
    Removing stm32_eval.o(i.STM_EVAL_LEDInit), (64 bytes).
    Removing stm32_eval.o(i.STM_EVAL_LEDOff), (24 bytes).
    Removing stm32_eval.o(i.STM_EVAL_LEDOn), (24 bytes).
    Removing stm32_eval.o(i.STM_EVAL_LEDToggle), (28 bytes).
    Removing stm32_eval.o(i.STM_EVAL_PBGetState), (24 bytes).
    Removing stm32_eval.o(i.STM_EVAL_PBInit), (164 bytes).
    Removing stm32_eval.o(i.sFLASH_LowLevel_DeInit), (104 bytes).
    Removing stm32_eval.o(i.sFLASH_LowLevel_Init), (104 bytes).

258 unused section(s) (total 8833 bytes) removed from the image.

==============================================================================

Image Symbol Table

    Local Symbols

    Symbol Name                              Value     Ov Type        Size  Object(Section)

    ../../../cmprslib/zerorunl2.c            0x00000000   Number         0  __dczerorl2.o ABSOLUTE
    ../../microlib/init/entry.s              0x00000000   Number         0  entry.o ABSOLUTE
    ../../microlib/init/entry.s              0x00000000   Number         0  entry2.o ABSOLUTE
    ../../microlib/init/entry.s              0x00000000   Number         0  entry7.o ABSOLUTE
    ../../microlib/init/entry.s              0x00000000   Number         0  entry5.o ABSOLUTE
    ..\..\..\Libraries\CMSIS\CM3\CoreSupport\core_cm3.c 0x00000000   Number         0  core_cm3.o ABSOLUTE
    ..\..\..\Libraries\CMSIS\CM3\DeviceSupport\ST\STM32F10x\startup\arm\startup_stm32f10x_hd.s 0x00000000   Number         0  startup_stm32f10x_hd.o ABSOLUTE
    ..\..\..\Libraries\CMSIS\CM3\DeviceSupport\ST\STM32F10x\system_stm32f10x.c 0x00000000   Number         0  system_stm32f10x.o ABSOLUTE
    ..\..\..\Libraries\STM32F10x_StdPeriph_Driver\src\misc.c 0x00000000   Number         0  misc.o ABSOLUTE
    ..\..\..\Libraries\STM32F10x_StdPeriph_Driver\src\stm32f10x_dma.c 0x00000000   Number         0  stm32f10x_dma.o ABSOLUTE
    ..\..\..\Libraries\STM32F10x_StdPeriph_Driver\src\stm32f10x_exti.c 0x00000000   Number         0  stm32f10x_exti.o ABSOLUTE
    ..\..\..\Libraries\STM32F10x_StdPeriph_Driver\src\stm32f10x_flash.c 0x00000000   Number         0  stm32f10x_flash.o ABSOLUTE
    ..\..\..\Libraries\STM32F10x_StdPeriph_Driver\src\stm32f10x_gpio.c 0x00000000   Number         0  stm32f10x_gpio.o ABSOLUTE
    ..\..\..\Libraries\STM32F10x_StdPeriph_Driver\src\stm32f10x_i2c.c 0x00000000   Number         0  stm32f10x_i2c.o ABSOLUTE
    ..\..\..\Libraries\STM32F10x_StdPeriph_Driver\src\stm32f10x_rcc.c 0x00000000   Number         0  stm32f10x_rcc.o ABSOLUTE
    ..\..\..\Libraries\STM32F10x_StdPeriph_Driver\src\stm32f10x_sdio.c 0x00000000   Number         0  stm32f10x_sdio.o ABSOLUTE
    ..\..\..\Libraries\STM32F10x_StdPeriph_Driver\src\stm32f10x_spi.c 0x00000000   Number         0  stm32f10x_spi.o ABSOLUTE
    ..\..\..\Libraries\STM32F10x_StdPeriph_Driver\src\stm32f10x_usart.c 0x00000000   Number         0  stm32f10x_usart.o ABSOLUTE
    ..\..\..\Libraries\STM32_USB-FS-Device_Driver\src\otgd_fs_cal.c 0x00000000   Number         0  otgd_fs_cal.o ABSOLUTE
    ..\..\..\Libraries\STM32_USB-FS-Device_Driver\src\otgd_fs_dev.c 0x00000000   Number         0  otgd_fs_dev.o ABSOLUTE
    ..\..\..\Libraries\STM32_USB-FS-Device_Driver\src\otgd_fs_int.c 0x00000000   Number         0  otgd_fs_int.o ABSOLUTE
    ..\..\..\Libraries\STM32_USB-FS-Device_Driver\src\otgd_fs_pcd.c 0x00000000   Number         0  otgd_fs_pcd.o ABSOLUTE
    ..\..\..\Libraries\STM32_USB-FS-Device_Driver\src\usb_core.c 0x00000000   Number         0  usb_core.o ABSOLUTE
    ..\..\..\Libraries\STM32_USB-FS-Device_Driver\src\usb_init.c 0x00000000   Number         0  usb_init.o ABSOLUTE
    ..\..\..\Libraries\STM32_USB-FS-Device_Driver\src\usb_int.c 0x00000000   Number         0  usb_int.o ABSOLUTE
    ..\..\..\Libraries\STM32_USB-FS-Device_Driver\src\usb_mem.c 0x00000000   Number         0  usb_mem.o ABSOLUTE
    ..\..\..\Libraries\STM32_USB-FS-Device_Driver\src\usb_regs.c 0x00000000   Number         0  usb_regs.o ABSOLUTE
    ..\..\..\Libraries\STM32_USB-FS-Device_Driver\src\usb_sil.c 0x00000000   Number         0  usb_sil.o ABSOLUTE
    ..\..\..\Utilities\STM32_EVAL\stm32_eval.c 0x00000000   Number         0  stm32_eval.o ABSOLUTE
    ..\\..\\..\\Libraries\\CMSIS\\CM3\\CoreSupport\\core_cm3.c 0x00000000   Number         0  core_cm3.o ABSOLUTE
    ..\src\hw_config.c                       0x00000000   Number         0  hw_config.o ABSOLUTE
    ..\src\main.c                            0x00000000   Number         0  main.o ABSOLUTE
    ..\src\stm32f10x_it.c                    0x00000000   Number         0  stm32f10x_it.o ABSOLUTE
    ..\src\usb_desc.c                        0x00000000   Number         0  usb_desc.o ABSOLUTE
    ..\src\usb_endp.c                        0x00000000   Number         0  usb_endp.o ABSOLUTE
    ..\src\usb_istr.c                        0x00000000   Number         0  usb_istr.o ABSOLUTE
    ..\src\usb_prop.c                        0x00000000   Number         0  usb_prop.o ABSOLUTE
    ..\src\usb_pwr.c                         0x00000000   Number         0  usb_pwr.o ABSOLUTE
    dc.s                                     0x00000000   Number         0  dc.o ABSOLUTE
    handlers.s                               0x00000000   Number         0  handlers.o ABSOLUTE
    init.s                                   0x00000000   Number         0  init.o ABSOLUTE
    RESET                                    0x08000000   Section      304  startup_stm32f10x_hd.o(RESET)
    .ARM.Collect$$$$00000000                 0x08000130   Section        0  entry.o(.ARM.Collect$$$$00000000)
    .ARM.Collect$$$$00000001                 0x08000130   Section        4  entry2.o(.ARM.Collect$$$$00000001)
    .ARM.Collect$$$$00000004                 0x08000134   Section        4  entry5.o(.ARM.Collect$$$$00000004)
    .ARM.Collect$$$$00000007                 0x08000138   Section        8  entry7.o(.ARM.Collect$$$$00000007)
    .ARM.Collect$$$$00002712                 0x08000140   Section        4  entry2.o(.ARM.Collect$$$$00002712)
    __lit__00000000                          0x08000140   Data           4  entry2.o(.ARM.Collect$$$$00002712)
    .text                                    0x08000144   Section       36  startup_stm32f10x_hd.o(.text)
    .text                                    0x08000168   Section       36  init.o(.text)
    .text                                    0x0800018c   Section        0  __dczerorl2.o(.text)
    i.BusFault_Handler                       0x080001e8   Section        0  stm32f10x_it.o(i.BusFault_Handler)
    i.ByteSwap                               0x080001ea   Section        0  usb_regs.o(i.ByteSwap)
    i.CTR_LP                                 0x080001f4   Section        0  usb_int.o(i.CTR_LP)
    i.ClearDTOG_RX                           0x0800033c   Section        0  usb_regs.o(i.ClearDTOG_RX)
    i.ClearDTOG_TX                           0x08000360   Section        0  usb_regs.o(i.ClearDTOG_TX)
    i.Clear_Status_Out                       0x08000384   Section        0  usb_regs.o(i.Clear_Status_Out)
    i.DataStageIn                            0x080003a4   Section        0  usb_core.o(i.DataStageIn)
    DataStageIn                              0x080003a5   Thumb Code   160  usb_core.o(i.DataStageIn)
    i.DataStageOut                           0x0800045c   Section        0  usb_core.o(i.DataStageOut)
    DataStageOut                             0x0800045d   Thumb Code   146  usb_core.o(i.DataStageOut)
    i.Data_Setup0                            0x08000504   Section        0  usb_core.o(i.Data_Setup0)
    Data_Setup0                              0x08000505   Thumb Code   372  usb_core.o(i.Data_Setup0)
    i.DebugMon_Handler                       0x0800069c   Section        0  stm32f10x_it.o(i.DebugMon_Handler)
    i.EP1_IN_Callback                        0x080006a0   Section        0  usb_endp.o(i.EP1_IN_Callback)
    i.EP3_OUT_Callback                       0x08000704   Section        0  usb_endp.o(i.EP3_OUT_Callback)
    i.FLASH_PrefetchBufferCmd                0x08000724   Section        0  stm32f10x_flash.o(i.FLASH_PrefetchBufferCmd)
    i.FLASH_SetLatency                       0x0800073c   Section        0  stm32f10x_flash.o(i.FLASH_SetLatency)
    i.GPIO_Init                              0x08000750   Section        0  stm32f10x_gpio.o(i.GPIO_Init)
    i.GPIO_ResetBits                         0x080007f4   Section        0  stm32f10x_gpio.o(i.GPIO_ResetBits)
    i.GPIO_SetBits                           0x080007f8   Section        0  stm32f10x_gpio.o(i.GPIO_SetBits)
    i.GetEPRxAddr                            0x080007fc   Section        0  usb_regs.o(i.GetEPRxAddr)
    i.GetEPRxCount                           0x0800081c   Section        0  usb_regs.o(i.GetEPRxCount)
    i.GetEPTxAddr                            0x0800083c   Section        0  usb_regs.o(i.GetEPTxAddr)
    i.Get_SerialNum                          0x08000858   Section        0  hw_config.o(i.Get_SerialNum)
    i.Handle_USBAsynchXfer                   0x0800088c   Section        0  hw_config.o(i.Handle_USBAsynchXfer)
    i.HardFault_Handler                      0x08000900   Section        0  stm32f10x_it.o(i.HardFault_Handler)
    i.In0_Process                            0x08000904   Section        0  usb_core.o(i.In0_Process)
    i.IntToUnicode                           0x08000960   Section        0  hw_config.o(i.IntToUnicode)
    IntToUnicode                             0x08000961   Thumb Code    54  hw_config.o(i.IntToUnicode)
    i.MemManage_Handler                      0x08000996   Section        0  stm32f10x_it.o(i.MemManage_Handler)
    i.NMI_Handler                            0x08000998   Section        0  stm32f10x_it.o(i.NMI_Handler)
    i.NOP_Process                            0x0800099a   Section        0  usb_core.o(i.NOP_Process)
    i.NVIC_Init                              0x0800099c   Section        0  misc.o(i.NVIC_Init)
    i.NVIC_PriorityGroupConfig               0x08000a00   Section        0  misc.o(i.NVIC_PriorityGroupConfig)
    i.NoData_Setup0                          0x08000a14   Section        0  usb_core.o(i.NoData_Setup0)
    NoData_Setup0                            0x08000a15   Thumb Code   196  usb_core.o(i.NoData_Setup0)
    i.Out0_Process                           0x08000aec   Section        0  usb_core.o(i.Out0_Process)
    i.PMAToUserBufferCopy                    0x08000b34   Section        0  usb_mem.o(i.PMAToUserBufferCopy)
    i.PendSV_Handler                         0x08000b50   Section        0  stm32f10x_it.o(i.PendSV_Handler)
    i.Post0_Process                          0x08000b54   Section        0  usb_core.o(i.Post0_Process)
    i.PowerOn                                0x08000b94   Section        0  usb_pwr.o(i.PowerOn)
    i.RCC_APB1PeriphClockCmd                 0x08000bc0   Section        0  stm32f10x_rcc.o(i.RCC_APB1PeriphClockCmd)
    i.RCC_APB2PeriphClockCmd                 0x08000bd8   Section        0  stm32f10x_rcc.o(i.RCC_APB2PeriphClockCmd)
    i.RCC_DeInit                             0x08000bf0   Section        0  stm32f10x_rcc.o(i.RCC_DeInit)
    i.RCC_GetClocksFreq                      0x08000c30   Section        0  stm32f10x_rcc.o(i.RCC_GetClocksFreq)
    i.RCC_GetFlagStatus                      0x08000ccc   Section        0  stm32f10x_rcc.o(i.RCC_GetFlagStatus)
    i.RCC_GetSYSCLKSource                    0x08000cfc   Section        0  stm32f10x_rcc.o(i.RCC_GetSYSCLKSource)
    i.RCC_HCLKConfig                         0x08000d0c   Section        0  stm32f10x_rcc.o(i.RCC_HCLKConfig)
    i.RCC_HSEConfig                          0x08000d20   Section        0  stm32f10x_rcc.o(i.RCC_HSEConfig)
    i.RCC_PCLK1Config                        0x08000d54   Section        0  stm32f10x_rcc.o(i.RCC_PCLK1Config)
    i.RCC_PCLK2Config                        0x08000d68   Section        0  stm32f10x_rcc.o(i.RCC_PCLK2Config)
    i.RCC_PLLCmd                             0x08000d7c   Section        0  stm32f10x_rcc.o(i.RCC_PLLCmd)
    i.RCC_PLLConfig                          0x08000d88   Section        0  stm32f10x_rcc.o(i.RCC_PLLConfig)
    i.RCC_SYSCLKConfig                       0x08000d9c   Section        0  stm32f10x_rcc.o(i.RCC_SYSCLKConfig)
    i.RCC_USBCLKConfig                       0x08000db0   Section        0  stm32f10x_rcc.o(i.RCC_USBCLKConfig)
    i.RCC_WaitForHSEStartUp                  0x08000dbc   Section        0  stm32f10x_rcc.o(i.RCC_WaitForHSEStartUp)
    i.SOF_Callback                           0x08000de4   Section        0  usb_endp.o(i.SOF_Callback)
    i.STM_EVAL_COMInit                       0x08000e0c   Section        0  stm32_eval.o(i.STM_EVAL_COMInit)
    i.SVC_Handler                            0x08000eb0   Section        0  stm32f10x_it.o(i.SVC_Handler)
    i.SetBTABLE                              0x08000eb4   Section        0  usb_regs.o(i.SetBTABLE)
    i.SetDeviceAddress                       0x08000ec4   Section        0  usb_core.o(i.SetDeviceAddress)
    i.SetEPRxAddr                            0x08000f08   Section        0  usb_regs.o(i.SetEPRxAddr)
    i.SetEPRxCount                           0x08000f28   Section        0  usb_regs.o(i.SetEPRxCount)
    i.SetEPRxStatus                          0x08000f68   Section        0  usb_regs.o(i.SetEPRxStatus)
    i.SetEPRxValid                           0x08000f98   Section        0  usb_regs.o(i.SetEPRxValid)
    i.SetEPTxAddr                            0x08000fbc   Section        0  usb_regs.o(i.SetEPTxAddr)
    i.SetEPTxCount                           0x08000fdc   Section        0  usb_regs.o(i.SetEPTxCount)
    i.SetEPTxStatus                          0x08000ff8   Section        0  usb_regs.o(i.SetEPTxStatus)
    i.SetEPTxValid                           0x08001028   Section        0  usb_regs.o(i.SetEPTxValid)
    i.SetEPType                              0x0800104c   Section        0  usb_regs.o(i.SetEPType)
    i.SetSysClockTo72                        0x08001068   Section        0  system_stm32f10x.o(i.SetSysClockTo72)
    SetSysClockTo72                          0x08001069   Thumb Code   138  system_stm32f10x.o(i.SetSysClockTo72)
    i.Set_System                             0x080010fc   Section        0  hw_config.o(i.Set_System)
    i.Set_USBClock                           0x08001190   Section        0  hw_config.o(i.Set_USBClock)
    i.Setup0_Process                         0x080011a4   Section        0  usb_core.o(i.Setup0_Process)
    i.Standard_ClearFeature                  0x0800120c   Section        0  usb_core.o(i.Standard_ClearFeature)
    i.Standard_GetConfiguration              0x080012f8   Section        0  usb_core.o(i.Standard_GetConfiguration)
    i.Standard_GetDescriptorData             0x08001320   Section        0  usb_core.o(i.Standard_GetDescriptorData)
    i.Standard_GetInterface                  0x0800133c   Section        0  usb_core.o(i.Standard_GetInterface)
    i.Standard_GetStatus                     0x08001364   Section        0  usb_core.o(i.Standard_GetStatus)
    i.Standard_SetConfiguration              0x080013f4   Section        0  usb_core.o(i.Standard_SetConfiguration)
    i.Standard_SetDeviceFeature              0x0800142c   Section        0  usb_core.o(i.Standard_SetDeviceFeature)
    i.Standard_SetEndPointFeature            0x08001450   Section        0  usb_core.o(i.Standard_SetEndPointFeature)
    i.Standard_SetInterface                  0x080014d4   Section        0  usb_core.o(i.Standard_SetInterface)
    i.SysTick_Handler                        0x0800151c   Section        0  stm32f10x_it.o(i.SysTick_Handler)
    i.SystemInit                             0x08001520   Section        0  system_stm32f10x.o(i.SystemInit)
    i.USART1_IRQHandler                      0x08001560   Section        0  stm32f10x_it.o(i.USART1_IRQHandler)
    i.USART_Cmd                              0x08001590   Section        0  stm32f10x_usart.o(i.USART_Cmd)
    i.USART_Config                           0x080015a4   Section        0  hw_config.o(i.USART_Config)
    i.USART_Config_Default                   0x08001628   Section        0  hw_config.o(i.USART_Config_Default)
    i.USART_GetFlagStatus                    0x08001664   Section        0  stm32f10x_usart.o(i.USART_GetFlagStatus)
    i.USART_GetITStatus                      0x08001672   Section        0  stm32f10x_usart.o(i.USART_GetITStatus)
    i.USART_ITConfig                         0x080016b0   Section        0  stm32f10x_usart.o(i.USART_ITConfig)
    i.USART_Init                             0x080016e0   Section        0  stm32f10x_usart.o(i.USART_Init)
    i.USART_ReceiveData                      0x08001794   Section        0  stm32f10x_usart.o(i.USART_ReceiveData)
    i.USART_SendData                         0x0800179c   Section        0  stm32f10x_usart.o(i.USART_SendData)
    i.USART_To_USB_Send_Data                 0x080017a4   Section        0  hw_config.o(i.USART_To_USB_Send_Data)
    i.USB_Cable_Config                       0x080017f0   Section        0  hw_config.o(i.USB_Cable_Config)
    i.USB_Init                               0x08001808   Section        0  usb_init.o(i.USB_Init)
    i.USB_Interrupts_Config                  0x08001830   Section        0  hw_config.o(i.USB_Interrupts_Config)
    i.USB_Istr                               0x08001868   Section        0  usb_istr.o(i.USB_Istr)
    i.USB_LP_CAN1_RX0_IRQHandler             0x080018c8   Section        0  stm32f10x_it.o(i.USB_LP_CAN1_RX0_IRQHandler)
    i.USB_SIL_Init                           0x080018cc   Section        0  usb_sil.o(i.USB_SIL_Init)
    i.USB_SIL_Read                           0x080018ec   Section        0  usb_sil.o(i.USB_SIL_Read)
    i.USB_To_USART_Send_Data                 0x08001910   Section        0  hw_config.o(i.USB_To_USART_Send_Data)
    i.UsageFault_Handler                     0x08001940   Section        0  stm32f10x_it.o(i.UsageFault_Handler)
    i.UserToPMABufferCopy                    0x08001944   Section        0  usb_mem.o(i.UserToPMABufferCopy)
    i.Virtual_Com_Port_Data_Setup            0x0800196c   Section        0  usb_prop.o(i.Virtual_Com_Port_Data_Setup)
    i.Virtual_Com_Port_GetConfigDescriptor   0x080019c4   Section        0  usb_prop.o(i.Virtual_Com_Port_GetConfigDescriptor)
    i.Virtual_Com_Port_GetDeviceDescriptor   0x080019d0   Section        0  usb_prop.o(i.Virtual_Com_Port_GetDeviceDescriptor)
    i.Virtual_Com_Port_GetLineCoding         0x080019dc   Section        0  usb_prop.o(i.Virtual_Com_Port_GetLineCoding)
    i.Virtual_Com_Port_GetStringDescriptor   0x080019f8   Section        0  usb_prop.o(i.Virtual_Com_Port_GetStringDescriptor)
    i.Virtual_Com_Port_Get_Interface_Setting 0x08001a18   Section        0  usb_prop.o(i.Virtual_Com_Port_Get_Interface_Setting)
    i.Virtual_Com_Port_NoData_Setup          0x08001a28   Section        0  usb_prop.o(i.Virtual_Com_Port_NoData_Setup)
    i.Virtual_Com_Port_Reset                 0x08001a4c   Section        0  usb_prop.o(i.Virtual_Com_Port_Reset)
    i.Virtual_Com_Port_SetConfiguration      0x08001b2c   Section        0  usb_prop.o(i.Virtual_Com_Port_SetConfiguration)
    i.Virtual_Com_Port_SetDeviceAddress      0x08001b44   Section        0  usb_prop.o(i.Virtual_Com_Port_SetDeviceAddress)
    i.Virtual_Com_Port_SetLineCoding         0x08001b50   Section        0  usb_prop.o(i.Virtual_Com_Port_SetLineCoding)
    i.Virtual_Com_Port_Status_In             0x08001b6c   Section        0  usb_prop.o(i.Virtual_Com_Port_Status_In)
    i.Virtual_Com_Port_Status_Out            0x08001b84   Section        0  usb_prop.o(i.Virtual_Com_Port_Status_Out)
    i.Virtual_Com_Port_init                  0x08001b88   Section        0  usb_prop.o(i.Virtual_Com_Port_init)
    i.__scatterload_copy                     0x08001bb0   Section       14  handlers.o(i.__scatterload_copy)
    i.__scatterload_null                     0x08001bbe   Section        2  handlers.o(i.__scatterload_null)
    i.__scatterload_zeroinit                 0x08001bc0   Section       14  handlers.o(i.__scatterload_zeroinit)
    i.main                                   0x08001bce   Section        0  main.o(i.main)
    .constdata                               0x08001be0   Section       18  usb_desc.o(.constdata)
    .constdata                               0x08001bf2   Section       67  usb_desc.o(.constdata)
    .constdata                               0x08001c35   Section        4  usb_desc.o(.constdata)
    .constdata                               0x08001c39   Section       38  usb_desc.o(.constdata)
    .constdata                               0x08001c5f   Section       50  usb_desc.o(.constdata)
    .constdata                               0x08001c94   Section      168  stm32_eval.o(.constdata)
    .data                                    0x20000000   Section       16  hw_config.o(.data)
    .data                                    0x20000010   Section       26  usb_desc.o(.data)
    .data                                    0x2000002c   Section        4  usb_endp.o(.data)
    FrameCount                               0x2000002c   Data           4  usb_endp.o(.data)
    .data                                    0x20000030   Section        4  usb_istr.o(.data)
    .data                                    0x20000034   Section       28  usb_istr.o(.data)
    .data                                    0x20000050   Section       28  usb_istr.o(.data)
    .data                                    0x2000006c   Section      108  usb_prop.o(.data)
    .data                                    0x200000d8   Section        2  usb_prop.o(.data)
    .data                                    0x200000dc   Section       36  usb_prop.o(.data)
    .data                                    0x20000100   Section        4  usb_pwr.o(.data)
    .data                                    0x20000104   Section        4  usb_core.o(.data)
    .data                                    0x20000108   Section        1  usb_init.o(.data)
    .data                                    0x2000010c   Section       12  usb_init.o(.data)
    .data                                    0x20000118   Section        2  usb_init.o(.data)
    .data                                    0x2000011a   Section        4  usb_int.o(.data)
    .data                                    0x2000011e   Section       20  stm32f10x_rcc.o(.data)
    ADCPrescTable                            0x2000011e   Data           4  stm32f10x_rcc.o(.data)
    APBAHBPrescTable                         0x20000122   Data          16  stm32f10x_rcc.o(.data)
    .data                                    0x20000134   Section       72  stm32_eval.o(.data)
    .bss                                     0x2000017c   Section     2064  hw_config.o(.bss)
    .bss                                     0x2000098c   Section       64  usb_endp.o(.bss)
    .bss                                     0x200009cc   Section       28  usb_init.o(.bss)
    STACK                                    0x200009e8   Section     1024  startup_stm32f10x_hd.o(STACK)

    Global Symbols

    Symbol Name                              Value     Ov Type        Size  Object(Section)

    BuildAttributes$$THM_ISAv4$P$D$K$B$S$PE$A:L22UL41UL21$X:L11$S22US41US21$IEEE1$IW$USESV6$~STKCKD$USESV7$~SHL$OSPACE$EBA8$MICROLIB$REQ8$PRES8$EABIv2 0x00000000   Number         0  anon$$obj.o ABSOLUTE
    __ARM_use_no_argv                        0x00000000   Number         0  main.o ABSOLUTE
    __Vectors_Size                           0x00000130   Number         0  startup_stm32f10x_hd.o ABSOLUTE
    __Vectors                                0x08000000   Data           4  startup_stm32f10x_hd.o(RESET)
    __Vectors_End                            0x08000130   Data           0  startup_stm32f10x_hd.o(RESET)
    __main                                   0x08000131   Thumb Code     0  entry.o(.ARM.Collect$$$$00000000)
    _main_stk                                0x08000131   Thumb Code     0  entry2.o(.ARM.Collect$$$$00000001)
    _main_scatterload                        0x08000135   Thumb Code     0  entry5.o(.ARM.Collect$$$$00000004)
    __main_after_scatterload                 0x08000139   Thumb Code     0  entry5.o(.ARM.Collect$$$$00000004)
    _main_init                               0x08000139   Thumb Code     0  entry7.o(.ARM.Collect$$$$00000007)
    Reset_Handler                            0x08000145   Thumb Code     8  startup_stm32f10x_hd.o(.text)
    ADC1_2_IRQHandler                        0x0800015f   Thumb Code     0  startup_stm32f10x_hd.o(.text)
    ADC3_IRQHandler                          0x0800015f   Thumb Code     0  startup_stm32f10x_hd.o(.text)
    CAN1_RX1_IRQHandler                      0x0800015f   Thumb Code     0  startup_stm32f10x_hd.o(.text)
    CAN1_SCE_IRQHandler                      0x0800015f   Thumb Code     0  startup_stm32f10x_hd.o(.text)
    DMA1_Channel1_IRQHandler                 0x0800015f   Thumb Code     0  startup_stm32f10x_hd.o(.text)
    DMA1_Channel2_IRQHandler                 0x0800015f   Thumb Code     0  startup_stm32f10x_hd.o(.text)
    DMA1_Channel3_IRQHandler                 0x0800015f   Thumb Code     0  startup_stm32f10x_hd.o(.text)
    DMA1_Channel4_IRQHandler                 0x0800015f   Thumb Code     0  startup_stm32f10x_hd.o(.text)
    DMA1_Channel5_IRQHandler                 0x0800015f   Thumb Code     0  startup_stm32f10x_hd.o(.text)
    DMA1_Channel6_IRQHandler                 0x0800015f   Thumb Code     0  startup_stm32f10x_hd.o(.text)
    DMA1_Channel7_IRQHandler                 0x0800015f   Thumb Code     0  startup_stm32f10x_hd.o(.text)
    DMA2_Channel1_IRQHandler                 0x0800015f   Thumb Code     0  startup_stm32f10x_hd.o(.text)
    DMA2_Channel2_IRQHandler                 0x0800015f   Thumb Code     0  startup_stm32f10x_hd.o(.text)
    DMA2_Channel3_IRQHandler                 0x0800015f   Thumb Code     0  startup_stm32f10x_hd.o(.text)
    DMA2_Channel4_5_IRQHandler               0x0800015f   Thumb Code     0  startup_stm32f10x_hd.o(.text)
    EXTI0_IRQHandler                         0x0800015f   Thumb Code     0  startup_stm32f10x_hd.o(.text)
    EXTI15_10_IRQHandler                     0x0800015f   Thumb Code     0  startup_stm32f10x_hd.o(.text)
    EXTI1_IRQHandler                         0x0800015f   Thumb Code     0  startup_stm32f10x_hd.o(.text)
    EXTI2_IRQHandler                         0x0800015f   Thumb Code     0  startup_stm32f10x_hd.o(.text)
    EXTI3_IRQHandler                         0x0800015f   Thumb Code     0  startup_stm32f10x_hd.o(.text)
    EXTI4_IRQHandler                         0x0800015f   Thumb Code     0  startup_stm32f10x_hd.o(.text)
    EXTI9_5_IRQHandler                       0x0800015f   Thumb Code     0  startup_stm32f10x_hd.o(.text)
    FLASH_IRQHandler                         0x0800015f   Thumb Code     0  startup_stm32f10x_hd.o(.text)
    FSMC_IRQHandler                          0x0800015f   Thumb Code     0  startup_stm32f10x_hd.o(.text)
    I2C1_ER_IRQHandler                       0x0800015f   Thumb Code     0  startup_stm32f10x_hd.o(.text)
    I2C1_EV_IRQHandler                       0x0800015f   Thumb Code     0  startup_stm32f10x_hd.o(.text)
    I2C2_ER_IRQHandler                       0x0800015f   Thumb Code     0  startup_stm32f10x_hd.o(.text)
    I2C2_EV_IRQHandler                       0x0800015f   Thumb Code     0  startup_stm32f10x_hd.o(.text)
    PVD_IRQHandler                           0x0800015f   Thumb Code     0  startup_stm32f10x_hd.o(.text)
    RCC_IRQHandler                           0x0800015f   Thumb Code     0  startup_stm32f10x_hd.o(.text)
    RTCAlarm_IRQHandler                      0x0800015f   Thumb Code     0  startup_stm32f10x_hd.o(.text)
    RTC_IRQHandler                           0x0800015f   Thumb Code     0  startup_stm32f10x_hd.o(.text)
    SDIO_IRQHandler                          0x0800015f   Thumb Code     0  startup_stm32f10x_hd.o(.text)
    SPI1_IRQHandler                          0x0800015f   Thumb Code     0  startup_stm32f10x_hd.o(.text)
    SPI2_IRQHandler                          0x0800015f   Thumb Code     0  startup_stm32f10x_hd.o(.text)
    SPI3_IRQHandler                          0x0800015f   Thumb Code     0  startup_stm32f10x_hd.o(.text)
    TAMPER_IRQHandler                        0x0800015f   Thumb Code     0  startup_stm32f10x_hd.o(.text)
    TIM1_BRK_IRQHandler                      0x0800015f   Thumb Code     0  startup_stm32f10x_hd.o(.text)
    TIM1_CC_IRQHandler                       0x0800015f   Thumb Code     0  startup_stm32f10x_hd.o(.text)
    TIM1_TRG_COM_IRQHandler                  0x0800015f   Thumb Code     0  startup_stm32f10x_hd.o(.text)
    TIM1_UP_IRQHandler                       0x0800015f   Thumb Code     0  startup_stm32f10x_hd.o(.text)
    TIM2_IRQHandler                          0x0800015f   Thumb Code     0  startup_stm32f10x_hd.o(.text)
    TIM3_IRQHandler                          0x0800015f   Thumb Code     0  startup_stm32f10x_hd.o(.text)
    TIM4_IRQHandler                          0x0800015f   Thumb Code     0  startup_stm32f10x_hd.o(.text)
    TIM5_IRQHandler                          0x0800015f   Thumb Code     0  startup_stm32f10x_hd.o(.text)
    TIM6_IRQHandler                          0x0800015f   Thumb Code     0  startup_stm32f10x_hd.o(.text)
    TIM7_IRQHandler                          0x0800015f   Thumb Code     0  startup_stm32f10x_hd.o(.text)
    TIM8_BRK_IRQHandler                      0x0800015f   Thumb Code     0  startup_stm32f10x_hd.o(.text)
    TIM8_CC_IRQHandler                       0x0800015f   Thumb Code     0  startup_stm32f10x_hd.o(.text)
    TIM8_TRG_COM_IRQHandler                  0x0800015f   Thumb Code     0  startup_stm32f10x_hd.o(.text)
    TIM8_UP_IRQHandler                       0x0800015f   Thumb Code     0  startup_stm32f10x_hd.o(.text)
    UART4_IRQHandler                         0x0800015f   Thumb Code     0  startup_stm32f10x_hd.o(.text)
    UART5_IRQHandler                         0x0800015f   Thumb Code     0  startup_stm32f10x_hd.o(.text)
    USART2_IRQHandler                        0x0800015f   Thumb Code     0  startup_stm32f10x_hd.o(.text)
    USART3_IRQHandler                        0x0800015f   Thumb Code     0  startup_stm32f10x_hd.o(.text)
    USBWakeUp_IRQHandler                     0x0800015f   Thumb Code     0  startup_stm32f10x_hd.o(.text)
    USB_HP_CAN1_TX_IRQHandler                0x0800015f   Thumb Code     0  startup_stm32f10x_hd.o(.text)
    WWDG_IRQHandler                          0x0800015f   Thumb Code     0  startup_stm32f10x_hd.o(.text)
    __scatterload                            0x08000169   Thumb Code    28  init.o(.text)
    __scatterload_rt2                        0x08000169   Thumb Code     0  init.o(.text)
    __decompress                             0x0800018d   Thumb Code     0  __dczerorl2.o(.text)
    __decompress1                            0x0800018d   Thumb Code    92  __dczerorl2.o(.text)
    BusFault_Handler                         0x080001e9   Thumb Code     2  stm32f10x_it.o(i.BusFault_Handler)
    ByteSwap                                 0x080001eb   Thumb Code    10  usb_regs.o(i.ByteSwap)
    CTR_LP                                   0x080001f5   Thumb Code   304  usb_int.o(i.CTR_LP)
    ClearDTOG_RX                             0x0800033d   Thumb Code    32  usb_regs.o(i.ClearDTOG_RX)
    ClearDTOG_TX                             0x08000361   Thumb Code    32  usb_regs.o(i.ClearDTOG_TX)
    Clear_Status_Out                         0x08000385   Thumb Code    26  usb_regs.o(i.Clear_Status_Out)
    DebugMon_Handler                         0x0800069d   Thumb Code     2  stm32f10x_it.o(i.DebugMon_Handler)
    EP1_IN_Callback                          0x080006a1   Thumb Code    82  usb_endp.o(i.EP1_IN_Callback)
    EP3_OUT_Callback                         0x08000705   Thumb Code    28  usb_endp.o(i.EP3_OUT_Callback)
    FLASH_PrefetchBufferCmd                  0x08000725   Thumb Code    18  stm32f10x_flash.o(i.FLASH_PrefetchBufferCmd)
    FLASH_SetLatency                         0x0800073d   Thumb Code    14  stm32f10x_flash.o(i.FLASH_SetLatency)
    GPIO_Init                                0x08000751   Thumb Code   164  stm32f10x_gpio.o(i.GPIO_Init)
    GPIO_ResetBits                           0x080007f5   Thumb Code     4  stm32f10x_gpio.o(i.GPIO_ResetBits)
    GPIO_SetBits                             0x080007f9   Thumb Code     4  stm32f10x_gpio.o(i.GPIO_SetBits)
    GetEPRxAddr                              0x080007fd   Thumb Code    22  usb_regs.o(i.GetEPRxAddr)
    GetEPRxCount                             0x0800081d   Thumb Code    24  usb_regs.o(i.GetEPRxCount)
    GetEPTxAddr                              0x0800083d   Thumb Code    20  usb_regs.o(i.GetEPTxAddr)
    Get_SerialNum                            0x08000859   Thumb Code    44  hw_config.o(i.Get_SerialNum)
    Handle_USBAsynchXfer                     0x0800088d   Thumb Code   108  hw_config.o(i.Handle_USBAsynchXfer)
    HardFault_Handler                        0x08000901   Thumb Code     2  stm32f10x_it.o(i.HardFault_Handler)
    In0_Process                              0x08000905   Thumb Code    80  usb_core.o(i.In0_Process)
    MemManage_Handler                        0x08000997   Thumb Code     2  stm32f10x_it.o(i.MemManage_Handler)
    NMI_Handler                              0x08000999   Thumb Code     2  stm32f10x_it.o(i.NMI_Handler)
    NOP_Process                              0x0800099b   Thumb Code     2  usb_core.o(i.NOP_Process)
    NVIC_Init                                0x0800099d   Thumb Code    90  misc.o(i.NVIC_Init)
    NVIC_PriorityGroupConfig                 0x08000a01   Thumb Code    10  misc.o(i.NVIC_PriorityGroupConfig)
    Out0_Process                             0x08000aed   Thumb Code    62  usb_core.o(i.Out0_Process)
    PMAToUserBufferCopy                      0x08000b35   Thumb Code    24  usb_mem.o(i.PMAToUserBufferCopy)
    PendSV_Handler                           0x08000b51   Thumb Code     2  stm32f10x_it.o(i.PendSV_Handler)
    Post0_Process                            0x08000b55   Thumb Code    46  usb_core.o(i.Post0_Process)
    PowerOn                                  0x08000b95   Thumb Code    36  usb_pwr.o(i.PowerOn)
    RCC_APB1PeriphClockCmd                   0x08000bc1   Thumb Code    18  stm32f10x_rcc.o(i.RCC_APB1PeriphClockCmd)
    RCC_APB2PeriphClockCmd                   0x08000bd9   Thumb Code    18  stm32f10x_rcc.o(i.RCC_APB2PeriphClockCmd)
    RCC_DeInit                               0x08000bf1   Thumb Code    50  stm32f10x_rcc.o(i.RCC_DeInit)
    RCC_GetClocksFreq                        0x08000c31   Thumb Code   138  stm32f10x_rcc.o(i.RCC_GetClocksFreq)
    RCC_GetFlagStatus                        0x08000ccd   Thumb Code    44  stm32f10x_rcc.o(i.RCC_GetFlagStatus)
    RCC_GetSYSCLKSource                      0x08000cfd   Thumb Code    10  stm32f10x_rcc.o(i.RCC_GetSYSCLKSource)
    RCC_HCLKConfig                           0x08000d0d   Thumb Code    14  stm32f10x_rcc.o(i.RCC_HCLKConfig)
    RCC_HSEConfig                            0x08000d21   Thumb Code    48  stm32f10x_rcc.o(i.RCC_HSEConfig)
    RCC_PCLK1Config                          0x08000d55   Thumb Code    14  stm32f10x_rcc.o(i.RCC_PCLK1Config)
    RCC_PCLK2Config                          0x08000d69   Thumb Code    16  stm32f10x_rcc.o(i.RCC_PCLK2Config)
    RCC_PLLCmd                               0x08000d7d   Thumb Code     6  stm32f10x_rcc.o(i.RCC_PLLCmd)
    RCC_PLLConfig                            0x08000d89   Thumb Code    16  stm32f10x_rcc.o(i.RCC_PLLConfig)
    RCC_SYSCLKConfig                         0x08000d9d   Thumb Code    14  stm32f10x_rcc.o(i.RCC_SYSCLKConfig)
    RCC_USBCLKConfig                         0x08000db1   Thumb Code     6  stm32f10x_rcc.o(i.RCC_USBCLKConfig)
    RCC_WaitForHSEStartUp                    0x08000dbd   Thumb Code    38  stm32f10x_rcc.o(i.RCC_WaitForHSEStartUp)
    SOF_Callback                             0x08000de5   Thumb Code    30  usb_endp.o(i.SOF_Callback)
    STM_EVAL_COMInit                         0x08000e0d   Thumb Code   154  stm32_eval.o(i.STM_EVAL_COMInit)
    SVC_Handler                              0x08000eb1   Thumb Code     2  stm32f10x_it.o(i.SVC_Handler)
    SetBTABLE                                0x08000eb5   Thumb Code    10  usb_regs.o(i.SetBTABLE)
    SetDeviceAddress                         0x08000ec5   Thumb Code    58  usb_core.o(i.SetDeviceAddress)
    SetEPRxAddr                              0x08000f09   Thumb Code    24  usb_regs.o(i.SetEPRxAddr)
    SetEPRxCount                             0x08000f29   Thumb Code    56  usb_regs.o(i.SetEPRxCount)
    SetEPRxStatus                            0x08000f69   Thumb Code    44  usb_regs.o(i.SetEPRxStatus)
    SetEPRxValid                             0x08000f99   Thumb Code    30  usb_regs.o(i.SetEPRxValid)
    SetEPTxAddr                              0x08000fbd   Thumb Code    22  usb_regs.o(i.SetEPTxAddr)
    SetEPTxCount                             0x08000fdd   Thumb Code    20  usb_regs.o(i.SetEPTxCount)
    SetEPTxStatus                            0x08000ff9   Thumb Code    44  usb_regs.o(i.SetEPTxStatus)
    SetEPTxValid                             0x08001029   Thumb Code    30  usb_regs.o(i.SetEPTxValid)
    SetEPType                                0x0800104d   Thumb Code    22  usb_regs.o(i.SetEPType)
    Set_System                               0x080010fd   Thumb Code   140  hw_config.o(i.Set_System)
    Set_USBClock                             0x08001191   Thumb Code    20  hw_config.o(i.Set_USBClock)
    Setup0_Process                           0x080011a5   Thumb Code    92  usb_core.o(i.Setup0_Process)
    Standard_ClearFeature                    0x0800120d   Thumb Code   216  usb_core.o(i.Standard_ClearFeature)
    Standard_GetConfiguration                0x080012f9   Thumb Code    30  usb_core.o(i.Standard_GetConfiguration)
    Standard_GetDescriptorData               0x08001321   Thumb Code    24  usb_core.o(i.Standard_GetDescriptorData)
    Standard_GetInterface                    0x0800133d   Thumb Code    30  usb_core.o(i.Standard_GetInterface)
    Standard_GetStatus                       0x08001365   Thumb Code   128  usb_core.o(i.Standard_GetStatus)
    Standard_SetConfiguration                0x080013f5   Thumb Code    42  usb_core.o(i.Standard_SetConfiguration)
    Standard_SetDeviceFeature                0x0800142d   Thumb Code    26  usb_core.o(i.Standard_SetDeviceFeature)
    Standard_SetEndPointFeature              0x08001451   Thumb Code   116  usb_core.o(i.Standard_SetEndPointFeature)
    Standard_SetInterface                    0x080014d5   Thumb Code    60  usb_core.o(i.Standard_SetInterface)
    SysTick_Handler                          0x0800151d   Thumb Code     2  stm32f10x_it.o(i.SysTick_Handler)
    SystemInit                               0x08001521   Thumb Code    52  system_stm32f10x.o(i.SystemInit)
    USART1_IRQHandler                        0x08001561   Thumb Code    44  stm32f10x_it.o(i.USART1_IRQHandler)
    USART_Cmd                                0x08001591   Thumb Code    20  stm32f10x_usart.o(i.USART_Cmd)
    USART_Config                             0x080015a5   Thumb Code   122  hw_config.o(i.USART_Config)
    USART_Config_Default                     0x08001629   Thumb Code    52  hw_config.o(i.USART_Config_Default)
    USART_GetFlagStatus                      0x08001665   Thumb Code    14  stm32f10x_usart.o(i.USART_GetFlagStatus)
    USART_GetITStatus                        0x08001673   Thumb Code    62  stm32f10x_usart.o(i.USART_GetITStatus)
    USART_ITConfig                           0x080016b1   Thumb Code    48  stm32f10x_usart.o(i.USART_ITConfig)
    USART_Init                               0x080016e1   Thumb Code   176  stm32f10x_usart.o(i.USART_Init)
    USART_ReceiveData                        0x08001795   Thumb Code     8  stm32f10x_usart.o(i.USART_ReceiveData)
    USART_SendData                           0x0800179d   Thumb Code     8  stm32f10x_usart.o(i.USART_SendData)
    USART_To_USB_Send_Data                   0x080017a5   Thumb Code    58  hw_config.o(i.USART_To_USB_Send_Data)
    USB_Cable_Config                         0x080017f1   Thumb Code    20  hw_config.o(i.USB_Cable_Config)
    USB_Init                                 0x08001809   Thumb Code    22  usb_init.o(i.USB_Init)
    USB_Interrupts_Config                    0x08001831   Thumb Code    56  hw_config.o(i.USB_Interrupts_Config)
    USB_Istr                                 0x08001869   Thumb Code    80  usb_istr.o(i.USB_Istr)
    USB_LP_CAN1_RX0_IRQHandler               0x080018c9   Thumb Code     4  stm32f10x_it.o(i.USB_LP_CAN1_RX0_IRQHandler)
    USB_SIL_Init                             0x080018cd   Thumb Code    24  usb_sil.o(i.USB_SIL_Init)
    USB_SIL_Read                             0x080018ed   Thumb Code    36  usb_sil.o(i.USB_SIL_Read)
    USB_To_USART_Send_Data                   0x08001911   Thumb Code    44  hw_config.o(i.USB_To_USART_Send_Data)
    UsageFault_Handler                       0x08001941   Thumb Code     2  stm32f10x_it.o(i.UsageFault_Handler)
    UserToPMABufferCopy                      0x08001945   Thumb Code    34  usb_mem.o(i.UserToPMABufferCopy)
    Virtual_Com_Port_Data_Setup              0x0800196d   Thumb Code    70  usb_prop.o(i.Virtual_Com_Port_Data_Setup)
    Virtual_Com_Port_GetConfigDescriptor     0x080019c5   Thumb Code     6  usb_prop.o(i.Virtual_Com_Port_GetConfigDescriptor)
    Virtual_Com_Port_GetDeviceDescriptor     0x080019d1   Thumb Code     6  usb_prop.o(i.Virtual_Com_Port_GetDeviceDescriptor)
    Virtual_Com_Port_GetLineCoding           0x080019dd   Thumb Code    18  usb_prop.o(i.Virtual_Com_Port_GetLineCoding)
    Virtual_Com_Port_GetStringDescriptor     0x080019f9   Thumb Code    24  usb_prop.o(i.Virtual_Com_Port_GetStringDescriptor)
    Virtual_Com_Port_Get_Interface_Setting   0x08001a19   Thumb Code    14  usb_prop.o(i.Virtual_Com_Port_Get_Interface_Setting)
    Virtual_Com_Port_NoData_Setup            0x08001a29   Thumb Code    30  usb_prop.o(i.Virtual_Com_Port_NoData_Setup)
    Virtual_Com_Port_Reset                   0x08001a4d   Thumb Code   208  usb_prop.o(i.Virtual_Com_Port_Reset)
    Virtual_Com_Port_SetConfiguration        0x08001b2d   Thumb Code    16  usb_prop.o(i.Virtual_Com_Port_SetConfiguration)
    Virtual_Com_Port_SetDeviceAddress        0x08001b45   Thumb Code     8  usb_prop.o(i.Virtual_Com_Port_SetDeviceAddress)
    Virtual_Com_Port_SetLineCoding           0x08001b51   Thumb Code    18  usb_prop.o(i.Virtual_Com_Port_SetLineCoding)
    Virtual_Com_Port_Status_In               0x08001b6d   Thumb Code    20  usb_prop.o(i.Virtual_Com_Port_Status_In)
    Virtual_Com_Port_Status_Out              0x08001b85   Thumb Code     2  usb_prop.o(i.Virtual_Com_Port_Status_Out)
    Virtual_Com_Port_init                    0x08001b89   Thumb Code    32  usb_prop.o(i.Virtual_Com_Port_init)
    __scatterload_copy                       0x08001bb1   Thumb Code    14  handlers.o(i.__scatterload_copy)
    __scatterload_null                       0x08001bbf   Thumb Code     2  handlers.o(i.__scatterload_null)
    __scatterload_zeroinit                   0x08001bc1   Thumb Code    14  handlers.o(i.__scatterload_zeroinit)
    main                                     0x08001bcf   Thumb Code    18  main.o(i.main)
    Virtual_Com_Port_DeviceDescriptor        0x08001be0   Data          18  usb_desc.o(.constdata)
    Virtual_Com_Port_ConfigDescriptor        0x08001bf2   Data          67  usb_desc.o(.constdata)
    Virtual_Com_Port_StringLangID            0x08001c35   Data           4  usb_desc.o(.constdata)
    Virtual_Com_Port_StringVendor            0x08001c39   Data          38  usb_desc.o(.constdata)
    Virtual_Com_Port_StringProduct           0x08001c5f   Data          50  usb_desc.o(.constdata)
    COM_TX_PIN                               0x08001c94   Data           4  stm32_eval.o(.constdata)
    COM_RX_PIN                               0x08001c98   Data           4  stm32_eval.o(.constdata)
    GPIO_PIN                                 0x08001c9c   Data           8  stm32_eval.o(.constdata)
    COM_USART_CLK                            0x08001ca4   Data           8  stm32_eval.o(.constdata)
    COM_TX_PORT_CLK                          0x08001cac   Data           8  stm32_eval.o(.constdata)
    COM_RX_PORT_CLK                          0x08001cb4   Data           8  stm32_eval.o(.constdata)
    GPIO_CLK                                 0x08001cbc   Data          16  stm32_eval.o(.constdata)
    BUTTON_PIN                               0x08001ccc   Data          16  stm32_eval.o(.constdata)
    BUTTON_CLK                               0x08001cdc   Data          32  stm32_eval.o(.constdata)
    BUTTON_EXTI_LINE                         0x08001cfc   Data          16  stm32_eval.o(.constdata)
    BUTTON_PORT_SOURCE                       0x08001d0c   Data          16  stm32_eval.o(.constdata)
    BUTTON_PIN_SOURCE                        0x08001d1c   Data          16  stm32_eval.o(.constdata)
    BUTTON_IRQn                              0x08001d2c   Data          16  stm32_eval.o(.constdata)
    Region$$Table$$Base                      0x08001d3c   Number         0  anon$$obj.o(Region$$Table)
    Region$$Table$$Limit                     0x08001d5c   Number         0  anon$$obj.o(Region$$Table)
    USB_Tx_State                             0x20000000   Data           1  hw_config.o(.data)
    HSEStartUpStatus                         0x20000001   Data           1  hw_config.o(.data)
    USART_Rx_ptr_in                          0x20000004   Data           4  hw_config.o(.data)
    USART_Rx_ptr_out                         0x20000008   Data           4  hw_config.o(.data)
    USART_Rx_length                          0x2000000c   Data           4  hw_config.o(.data)
    Virtual_Com_Port_StringSerial            0x20000010   Data          26  usb_desc.o(.data)
    bIntPackSOF                              0x20000030   Data           1  usb_istr.o(.data)
    wIstr                                    0x20000032   Data           2  usb_istr.o(.data)
    pEpInt_IN                                0x20000034   Data          28  usb_istr.o(.data)
    pEpInt_OUT                               0x20000050   Data          28  usb_istr.o(.data)
    Request                                  0x2000006c   Data           1  usb_prop.o(.data)
    linecoding                               0x20000070   Data           8  usb_prop.o(.data)
    Device_Descriptor                        0x20000078   Data           8  usb_prop.o(.data)
    Config_Descriptor                        0x20000080   Data           8  usb_prop.o(.data)
    Device_Property                          0x20000088   Data          48  usb_prop.o(.data)
    String_Descriptor                        0x200000b8   Data          32  usb_prop.o(.data)
    Device_Table                             0x200000d8   Data           2  usb_prop.o(.data)
    User_Standard_Requests                   0x200000dc   Data          36  usb_prop.o(.data)
    bDeviceState                             0x20000100   Data           4  usb_pwr.o(.data)
    Data_Mul_MaxPacketSize                   0x20000104   Data           1  usb_core.o(.data)
    StatusInfo                               0x20000106   Data           2  usb_core.o(.data)
    EPindex                                  0x20000108   Data           1  usb_init.o(.data)
    pInformation                             0x2000010c   Data           4  usb_init.o(.data)
    pProperty                                0x20000110   Data           4  usb_init.o(.data)
    pUser_Standard_Requests                  0x20000114   Data           4  usb_init.o(.data)
    wInterrupt_Mask                          0x20000118   Data           2  usb_init.o(.data)
    SaveRState                               0x2000011a   Data           2  usb_int.o(.data)
    SaveTState                               0x2000011c   Data           2  usb_int.o(.data)
    COM_USART                                0x20000134   Data           8  stm32_eval.o(.data)
    COM_TX_PORT                              0x2000013c   Data           8  stm32_eval.o(.data)
    COM_RX_PORT                              0x20000144   Data           8  stm32_eval.o(.data)
    GPIO_PORT                                0x2000014c   Data          16  stm32_eval.o(.data)
    BUTTON_PORT                              0x2000015c   Data          32  stm32_eval.o(.data)
    USART_InitStructure                      0x2000017c   Data          16  hw_config.o(.bss)
    USART_Rx_Buffer                          0x2000018c   Data        2048  hw_config.o(.bss)
    USB_Rx_Buffer                            0x2000098c   Data          64  usb_endp.o(.bss)
    Device_Info                              0x200009cc   Data          28  usb_init.o(.bss)
    __initial_sp                             0x20000de8   Data           0  startup_stm32f10x_hd.o(STACK)



==============================================================================

Memory Map of the image

  Image Entry point : 0x08000131

  Load Region LR_IROM1 (Base: 0x08000000, Size: 0x00001ed8, Max: 0x00080000, ABSOLUTE, COMPRESSED[0x00001e00])

    Execution Region ER_IROM1 (Base: 0x08000000, Size: 0x00001d5c, Max: 0x00080000, ABSOLUTE)

    Base Addr    Size         Type   Attr      Idx    E Section Name        Object

    0x08000000   0x00000130   Data   RO         2438    RESET               startup_stm32f10x_hd.o
    0x08000130   0x00000000   Code   RO         2592  * .ARM.Collect$$$$00000000  mc_w.l(entry.o)
    0x08000130   0x00000004   Code   RO         2595    .ARM.Collect$$$$00000001  mc_w.l(entry2.o)
    0x08000134   0x00000004   Code   RO         2598    .ARM.Collect$$$$00000004  mc_w.l(entry5.o)
    0x08000138   0x00000008   Code   RO         2599    .ARM.Collect$$$$00000007  mc_w.l(entry7.o)
    0x08000140   0x00000004   Code   RO         2596    .ARM.Collect$$$$00002712  mc_w.l(entry2.o)
    0x08000144   0x00000024   Code   RO         2439    .text               startup_stm32f10x_hd.o
    0x08000168   0x00000024   Code   RO         2600    .text               mc_w.l(init.o)
    0x0800018c   0x0000005c   Code   RO         2610    .text               mc_w.l(__dczerorl2.o)
    0x080001e8   0x00000002   Code   RO          197    i.BusFault_Handler  stm32f10x_it.o
    0x080001ea   0x0000000a   Code   RO          678    i.ByteSwap          usb_regs.o
    0x080001f4   0x00000148   Code   RO          631    i.CTR_LP            usb_int.o
    0x0800033c   0x00000024   Code   RO          679    i.ClearDTOG_RX      usb_regs.o
    0x08000360   0x00000024   Code   RO          680    i.ClearDTOG_TX      usb_regs.o
    0x08000384   0x00000020   Code   RO          685    i.Clear_Status_Out  usb_regs.o
    0x080003a4   0x000000b8   Code   RO          485    i.DataStageIn       usb_core.o
    0x0800045c   0x000000a8   Code   RO          486    i.DataStageOut      usb_core.o
    0x08000504   0x00000198   Code   RO          487    i.Data_Setup0       usb_core.o
    0x0800069c   0x00000002   Code   RO          198    i.DebugMon_Handler  stm32f10x_it.o
    0x0800069e   0x00000002   PAD
    0x080006a0   0x00000064   Code   RO          289    i.EP1_IN_Callback   usb_endp.o
    0x08000704   0x00000020   Code   RO          290    i.EP3_OUT_Callback  usb_endp.o
    0x08000724   0x00000018   Code   RO         1621    i.FLASH_PrefetchBufferCmd  stm32f10x_flash.o
    0x0800073c   0x00000014   Code   RO         1626    i.FLASH_SetLatency  stm32f10x_flash.o
    0x08000750   0x000000a4   Code   RO         1296    i.GPIO_Init         stm32f10x_gpio.o
    0x080007f4   0x00000004   Code   RO         1303    i.GPIO_ResetBits    stm32f10x_gpio.o
    0x080007f8   0x00000004   Code   RO         1304    i.GPIO_SetBits      stm32f10x_gpio.o
    0x080007fc   0x00000020   Code   RO          697    i.GetEPRxAddr       usb_regs.o
    0x0800081c   0x00000020   Code   RO          698    i.GetEPRxCount      usb_regs.o
    0x0800083c   0x0000001c   Code   RO          700    i.GetEPTxAddr       usb_regs.o
    0x08000858   0x00000034   Code   RO            2    i.Get_SerialNum     hw_config.o
    0x0800088c   0x00000074   Code   RO            3    i.Handle_USBAsynchXfer  hw_config.o
    0x08000900   0x00000002   Code   RO          199    i.HardFault_Handler  stm32f10x_it.o
    0x08000902   0x00000002   PAD
    0x08000904   0x0000005c   Code   RO          488    i.In0_Process       usb_core.o
    0x08000960   0x00000036   Code   RO            4    i.IntToUnicode      hw_config.o
    0x08000996   0x00000002   Code   RO          200    i.MemManage_Handler  stm32f10x_it.o
    0x08000998   0x00000002   Code   RO          201    i.NMI_Handler       stm32f10x_it.o
    0x0800099a   0x00000002   Code   RO          489    i.NOP_Process       usb_core.o
    0x0800099c   0x00000064   Code   RO         1254    i.NVIC_Init         misc.o
    0x08000a00   0x00000014   Code   RO         1255    i.NVIC_PriorityGroupConfig  misc.o
    0x08000a14   0x000000d8   Code   RO          490    i.NoData_Setup0     usb_core.o
    0x08000aec   0x00000048   Code   RO          491    i.Out0_Process      usb_core.o
    0x08000b34   0x0000001c   Code   RO          660    i.PMAToUserBufferCopy  usb_mem.o
    0x08000b50   0x00000002   Code   RO          202    i.PendSV_Handler    stm32f10x_it.o
    0x08000b52   0x00000002   PAD
    0x08000b54   0x00000040   Code   RO          492    i.Post0_Process     usb_core.o
    0x08000b94   0x0000002c   Code   RO          442    i.PowerOn           usb_pwr.o
    0x08000bc0   0x00000018   Code   RO         1406    i.RCC_APB1PeriphClockCmd  stm32f10x_rcc.o
    0x08000bd8   0x00000018   Code   RO         1408    i.RCC_APB2PeriphClockCmd  stm32f10x_rcc.o
    0x08000bf0   0x00000040   Code   RO         1415    i.RCC_DeInit        stm32f10x_rcc.o
    0x08000c30   0x0000009c   Code   RO         1416    i.RCC_GetClocksFreq  stm32f10x_rcc.o
    0x08000ccc   0x00000030   Code   RO         1417    i.RCC_GetFlagStatus  stm32f10x_rcc.o
    0x08000cfc   0x00000010   Code   RO         1419    i.RCC_GetSYSCLKSource  stm32f10x_rcc.o
    0x08000d0c   0x00000014   Code   RO         1420    i.RCC_HCLKConfig    stm32f10x_rcc.o
    0x08000d20   0x00000034   Code   RO         1421    i.RCC_HSEConfig     stm32f10x_rcc.o
    0x08000d54   0x00000014   Code   RO         1427    i.RCC_PCLK1Config   stm32f10x_rcc.o
    0x08000d68   0x00000014   Code   RO         1428    i.RCC_PCLK2Config   stm32f10x_rcc.o
    0x08000d7c   0x0000000c   Code   RO         1429    i.RCC_PLLCmd        stm32f10x_rcc.o
    0x08000d88   0x00000014   Code   RO         1430    i.RCC_PLLConfig     stm32f10x_rcc.o
    0x08000d9c   0x00000014   Code   RO         1433    i.RCC_SYSCLKConfig  stm32f10x_rcc.o
    0x08000db0   0x0000000c   Code   RO         1434    i.RCC_USBCLKConfig  stm32f10x_rcc.o
    0x08000dbc   0x00000026   Code   RO         1435    i.RCC_WaitForHSEStartUp  stm32f10x_rcc.o
    0x08000de2   0x00000002   PAD
    0x08000de4   0x00000028   Code   RO          291    i.SOF_Callback      usb_endp.o
    0x08000e0c   0x000000a4   Code   RO         2490    i.STM_EVAL_COMInit  stm32_eval.o
    0x08000eb0   0x00000002   Code   RO          203    i.SVC_Handler       stm32f10x_it.o
    0x08000eb2   0x00000002   PAD
    0x08000eb4   0x00000010   Code   RO          708    i.SetBTABLE         usb_regs.o
    0x08000ec4   0x00000044   Code   RO          493    i.SetDeviceAddress  usb_core.o
    0x08000f08   0x00000020   Code   RO          722    i.SetEPRxAddr       usb_regs.o
    0x08000f28   0x00000040   Code   RO          723    i.SetEPRxCount      usb_regs.o
    0x08000f68   0x00000030   Code   RO          724    i.SetEPRxStatus     usb_regs.o
    0x08000f98   0x00000024   Code   RO          725    i.SetEPRxValid      usb_regs.o
    0x08000fbc   0x00000020   Code   RO          726    i.SetEPTxAddr       usb_regs.o
    0x08000fdc   0x0000001c   Code   RO          727    i.SetEPTxCount      usb_regs.o
    0x08000ff8   0x00000030   Code   RO          728    i.SetEPTxStatus     usb_regs.o
    0x08001028   0x00000024   Code   RO          729    i.SetEPTxValid      usb_regs.o
    0x0800104c   0x0000001c   Code   RO          730    i.SetEPType         usb_regs.o
    0x08001068   0x00000094   Code   RO         2454    i.SetSysClockTo72   system_stm32f10x.o
    0x080010fc   0x00000094   Code   RO            6    i.Set_System        hw_config.o
    0x08001190   0x00000014   Code   RO            7    i.Set_USBClock      hw_config.o
    0x080011a4   0x00000068   Code   RO          494    i.Setup0_Process    usb_core.o
    0x0800120c   0x000000ec   Code   RO          495    i.Standard_ClearFeature  usb_core.o
    0x080012f8   0x00000028   Code   RO          496    i.Standard_GetConfiguration  usb_core.o
    0x08001320   0x0000001c   Code   RO          497    i.Standard_GetDescriptorData  usb_core.o
    0x0800133c   0x00000028   Code   RO          498    i.Standard_GetInterface  usb_core.o
    0x08001364   0x00000090   Code   RO          499    i.Standard_GetStatus  usb_core.o
    0x080013f4   0x00000038   Code   RO          500    i.Standard_SetConfiguration  usb_core.o
    0x0800142c   0x00000024   Code   RO          501    i.Standard_SetDeviceFeature  usb_core.o
    0x08001450   0x00000084   Code   RO          502    i.Standard_SetEndPointFeature  usb_core.o
    0x080014d4   0x00000048   Code   RO          503    i.Standard_SetInterface  usb_core.o
    0x0800151c   0x00000002   Code   RO          204    i.SysTick_Handler   stm32f10x_it.o
    0x0800151e   0x00000002   PAD
    0x08001520   0x00000040   Code   RO         2456    i.SystemInit        system_stm32f10x.o
    0x08001560   0x00000030   Code   RO          205    i.USART1_IRQHandler  stm32f10x_it.o
    0x08001590   0x00000014   Code   RO         1078    i.USART_Cmd         stm32f10x_usart.o
    0x080015a4   0x00000084   Code   RO            8    i.USART_Config      hw_config.o
    0x08001628   0x0000003c   Code   RO            9    i.USART_Config_Default  hw_config.o
    0x08001664   0x0000000e   Code   RO         1081    i.USART_GetFlagStatus  stm32f10x_usart.o
    0x08001672   0x0000003e   Code   RO         1082    i.USART_GetITStatus  stm32f10x_usart.o
    0x080016b0   0x00000030   Code   RO         1084    i.USART_ITConfig    stm32f10x_usart.o
    0x080016e0   0x000000b4   Code   RO         1085    i.USART_Init        stm32f10x_usart.o
    0x08001794   0x00000008   Code   RO         1092    i.USART_ReceiveData  stm32f10x_usart.o
    0x0800179c   0x00000008   Code   RO         1095    i.USART_SendData    stm32f10x_usart.o
    0x080017a4   0x0000004c   Code   RO           10    i.USART_To_USB_Send_Data  hw_config.o
    0x080017f0   0x00000018   Code   RO           11    i.USB_Cable_Config  hw_config.o
    0x08001808   0x00000028   Code   RO          604    i.USB_Init          usb_init.o
    0x08001830   0x00000038   Code   RO           12    i.USB_Interrupts_Config  hw_config.o
    0x08001868   0x00000060   Code   RO          318    i.USB_Istr          usb_istr.o
    0x080018c8   0x00000004   Code   RO          206    i.USB_LP_CAN1_RX0_IRQHandler  stm32f10x_it.o
    0x080018cc   0x00000020   Code   RO         1050    i.USB_SIL_Init      usb_sil.o
    0x080018ec   0x00000024   Code   RO         1051    i.USB_SIL_Read      usb_sil.o
    0x08001910   0x00000030   Code   RO           13    i.USB_To_USART_Send_Data  hw_config.o
    0x08001940   0x00000002   Code   RO          207    i.UsageFault_Handler  stm32f10x_it.o
    0x08001942   0x00000002   PAD
    0x08001944   0x00000028   Code   RO          661    i.UserToPMABufferCopy  usb_mem.o
    0x0800196c   0x00000058   Code   RO          338    i.Virtual_Com_Port_Data_Setup  usb_prop.o
    0x080019c4   0x0000000c   Code   RO          339    i.Virtual_Com_Port_GetConfigDescriptor  usb_prop.o
    0x080019d0   0x0000000c   Code   RO          340    i.Virtual_Com_Port_GetDeviceDescriptor  usb_prop.o
    0x080019dc   0x0000001c   Code   RO          341    i.Virtual_Com_Port_GetLineCoding  usb_prop.o
    0x080019f8   0x00000020   Code   RO          342    i.Virtual_Com_Port_GetStringDescriptor  usb_prop.o
    0x08001a18   0x0000000e   Code   RO          343    i.Virtual_Com_Port_Get_Interface_Setting  usb_prop.o
    0x08001a26   0x00000002   PAD
    0x08001a28   0x00000024   Code   RO          344    i.Virtual_Com_Port_NoData_Setup  usb_prop.o
    0x08001a4c   0x000000e0   Code   RO          345    i.Virtual_Com_Port_Reset  usb_prop.o
    0x08001b2c   0x00000018   Code   RO          346    i.Virtual_Com_Port_SetConfiguration  usb_prop.o
    0x08001b44   0x0000000c   Code   RO          347    i.Virtual_Com_Port_SetDeviceAddress  usb_prop.o
    0x08001b50   0x0000001c   Code   RO          348    i.Virtual_Com_Port_SetLineCoding  usb_prop.o
    0x08001b6c   0x00000018   Code   RO          349    i.Virtual_Com_Port_Status_In  usb_prop.o
    0x08001b84   0x00000002   Code   RO          350    i.Virtual_Com_Port_Status_Out  usb_prop.o
    0x08001b86   0x00000002   PAD
    0x08001b88   0x00000028   Code   RO          351    i.Virtual_Com_Port_init  usb_prop.o
    0x08001bb0   0x0000000e   Code   RO         2604    i.__scatterload_copy  mc_w.l(handlers.o)
    0x08001bbe   0x00000002   Code   RO         2605    i.__scatterload_null  mc_w.l(handlers.o)
    0x08001bc0   0x0000000e   Code   RO         2606    i.__scatterload_zeroinit  mc_w.l(handlers.o)
    0x08001bce   0x00000012   Code   RO          185    i.main              main.o
    0x08001be0   0x00000012   Data   RO          272    .constdata          usb_desc.o
    0x08001bf2   0x00000043   Data   RO          273    .constdata          usb_desc.o
    0x08001c35   0x00000004   Data   RO          274    .constdata          usb_desc.o
    0x08001c39   0x00000026   Data   RO          275    .constdata          usb_desc.o
    0x08001c5f   0x00000032   Data   RO          276    .constdata          usb_desc.o
    0x08001c91   0x00000003   PAD
    0x08001c94   0x000000a8   Data   RO         2499    .constdata          stm32_eval.o
    0x08001d3c   0x00000020   Data   RO         2602    Region$$Table       anon$$obj.o


    Execution Region RW_IRAM1 (Base: 0x20000000, Size: 0x00000de8, Max: 0x00010000, ABSOLUTE, COMPRESSED[0x000000a4])

    Base Addr    Size         Type   Attr      Idx    E Section Name        Object

    0x20000000   0x00000010   Data   RW           15    .data               hw_config.o
    0x20000010   0x0000001a   Data   RW          277    .data               usb_desc.o
    0x2000002a   0x00000002   PAD
    0x2000002c   0x00000004   Data   RW          293    .data               usb_endp.o
    0x20000030   0x00000004   Data   RW          319    .data               usb_istr.o
    0x20000034   0x0000001c   Data   RW          320    .data               usb_istr.o
    0x20000050   0x0000001c   Data   RW          321    .data               usb_istr.o
    0x2000006c   0x0000006c   Data   RW          352    .data               usb_prop.o
    0x200000d8   0x00000002   Data   RW          353    .data               usb_prop.o
    0x200000da   0x00000002   PAD
    0x200000dc   0x00000024   Data   RW          354    .data               usb_prop.o
    0x20000100   0x00000004   Data   RW          446    .data               usb_pwr.o
    0x20000104   0x00000004   Data   RW          504    .data               usb_core.o
    0x20000108   0x00000001   Data   RW          606    .data               usb_init.o
    0x20000109   0x00000003   PAD
    0x2000010c   0x0000000c   Data   RW          607    .data               usb_init.o
    0x20000118   0x00000002   Data   RW          609    .data               usb_init.o
    0x2000011a   0x00000004   Data   RW          632    .data               usb_int.o
    0x2000011e   0x00000014   Data   RW         1436    .data               stm32f10x_rcc.o
    0x20000132   0x00000002   PAD
    0x20000134   0x00000048   Data   RW         2500    .data               stm32_eval.o
    0x2000017c   0x00000810   Zero   RW           14    .bss                hw_config.o
    0x2000098c   0x00000040   Zero   RW          292    .bss                usb_endp.o
    0x200009cc   0x0000001c   Zero   RW          605    .bss                usb_init.o
    0x200009e8   0x00000400   Zero   RW         2436    STACK               startup_stm32f10x_hd.o


==============================================================================

Image component sizes


      Code (inc. data)   RO Data    RW Data    ZI Data      Debug   Object Name

       786         68          0         16       2064     246980   hw_config.o
        18          0          0          0          0        435   main.o
       120         20          0          0          0       1695   misc.o
        36          8        304          0       1024        944   startup_stm32f10x_hd.o
       164         10        168         72          0       2487   stm32_eval.o
        44         12          0          0          0       1185   stm32f10x_flash.o
       172          0          0          0          0       3164   stm32f10x_gpio.o
        70          4          0          0          0       4819   stm32f10x_it.o
       546         96          0         20          0      11965   stm32f10x_rcc.o
       340          4          0          0          0       6717   stm32f10x_usart.o
       212         22          0          0          0       1813   system_stm32f10x.o
      2162        276          0          4          0      15767   usb_core.o
         0          0        177         26          0       1071   usb_desc.o
       172         32          0          4         64       2436   usb_endp.o
        40         18          0         15         28       4266   usb_init.o
       328         24          0          4          0       1804   usb_int.o
        96         16          0         60          0       1284   usb_istr.o
        68         10          0          0          0       1940   usb_mem.o
       576        104          0        146          0      11325   usb_prop.o
        44          8          0          4          0       1919   usb_pwr.o
       574        106          0          0          0      10413   usb_regs.o
        68          8          0          0          0       1626   usb_sil.o

    ----------------------------------------------------------------------
      6654        846        684        380       3180     336055   Object Totals
         0          0         32          0          0          0   (incl. Generated)
        18          0          3          9          0          0   (incl. Padding)

    ----------------------------------------------------------------------

      Code (inc. data)   RO Data    RW Data    ZI Data      Debug   Library Member Name

        92          0          0          0          0          0   __dczerorl2.o
         0          0          0          0          0          0   entry.o
         8          4          0          0          0          0   entry2.o
         4          0          0          0          0          0   entry5.o
         8          4          0          0          0          0   entry7.o
        30          0          0          0          0          0   handlers.o
        36          8          0          0          0         68   init.o

    ----------------------------------------------------------------------
       178         16          0          0          0         68   Library Totals
         0          0          0          0          0          0   (incl. Padding)

    ----------------------------------------------------------------------

      Code (inc. data)   RO Data    RW Data    ZI Data      Debug   Library Name

       178         16          0          0          0         68   mc_w.l

    ----------------------------------------------------------------------
       178         16          0          0          0         68   Library Totals

    ----------------------------------------------------------------------

==============================================================================


      Code (inc. data)   RO Data    RW Data    ZI Data      Debug   

      6832        862        684        380       3180     330351   Grand Totals
      6832        862        684        164       3180     330351   ELF Image Totals (compressed)
      6832        862        684        164          0          0   ROM Totals

==============================================================================

    Total RO  Size (Code + RO Data)                 7516 (   7.34kB)
    Total RW  Size (RW Data + ZI Data)              3560 (   3.48kB)
    Total ROM Size (Code + RO Data + RW Data)       7680 (   7.50kB)

==============================================================================

